192.168.1.107 - - [17/Jul/2025:20:30:12 +0000] "POST /api/data HTTP/1.1" 500 486 "Mozilla/5.0 (Macintosh; Intel Mac OS X 10_15_7)"
192.168.1.114 - - [18/Jul/2025:04:37:37 +0000] "GET / HTTP/1.1" 401 2053 "Mozilla/5.0 (Windows NT 10.0; Win64; x64)"
192.168.1.115 - - [17/Jul/2025:17:32:10 +0000] "PUT /settings HTTP/1.1" 400 3323 "Mozilla/5.0 (Windows NT 10.0; Win64; x64)"
192.168.1.113 - - [18/Jul/2025:08:07:46 +0000] "DELETE /settings HTTP/1.1" 403 3420 "PostmanRuntime/7.29.0"
192.168.1.115 - - [18/Jul/2025:16:50:41 +0000] "PUT /settings HTTP/1.1" 204 2499 "Mozilla/5.0 (Linux; Android 11)"
192.168.1.109 - - [18/Jul/2025:15:04:35 +0000] "DELETE /dashboard HTTP/1.1" 400 1086 "curl/7.68.0"
192.168.1.115 - - [18/Jul/2025:05:40:00 +0000] "DELETE / HTTP/1.1" 201 3611 "Mozilla/5.0 (Windows NT 10.0; Win64; x64)"
192.168.1.107 - - [18/Jul/2025:04:57:43 +0000] "GET /api/data HTTP/1.1" 502 4729 "Mozilla/5.0 (Linux; Android 11)"
192.168.1.104 - - [17/Jul/2025:20:01:44 +0000] "GET /login HTTP/1.1" 301 730 "curl/7.68.0"
192.168.1.108 - - [18/Jul/2025:14:28:26 +0000] "DELETE /dashboard HTTP/1.1" 204 2832 "Mozilla/5.0 (Windows NT 10.0; Win64; x64)"
192.168.1.103 - - [18/Jul/2025:07:07:30 +0000] "PUT /api/data HTTP/1.1" 502 4415 "curl/7.68.0"
192.168.1.103 - - [18/Jul/2025:17:06:35 +0000] "PUT /logout HTTP/1.1" 403 2555 "Mozilla/5.0 (Windows NT 10.0; Win64; x64)"
192.168.1.108 - - [17/Jul/2025:22:22:44 +0000] "PUT /settings HTTP/1.1" 401 951 "Mozilla/5.0 (Macintosh; Intel Mac OS X 10_15_7)"
192.168.1.109 - - [17/Jul/2025:21:15:56 +0000] "POST /login HTTP/1.1" 503 1714 "Mozilla/5.0 (Macintosh; Intel Mac OS X 10_15_7)"
192.168.1.108 - - [18/Jul/2025:05:36:05 +0000] "GET /index.html HTTP/1.1" 301 4018 "Mozilla/5.0 (Windows NT 10.0; Win64; x64)"
192.168.1.104 - - [17/Jul/2025:22:01:13 +0000] "POST /dashboard HTTP/1.1" 500 4252 "PostmanRuntime/7.29.0"
192.168.1.103 - - [18/Jul/2025:06:11:38 +0000] "POST /api/data HTTP/1.1" 301 545 "Mozilla/5.0 (Windows NT 10.0; Win64; x64)"
192.168.1.106 - - [18/Jul/2025:08:03:29 +0000] "GET /api/user HTTP/1.1" 400 1024 "Mozilla/5.0 (Windows NT 10.0; Win64; x64)"
192.168.1.105 - - [18/Jul/2025:13:37:38 +0000] "POST /api/user HTTP/1.1" 401 3025 "Mozilla/5.0 (Macintosh; Intel Mac OS X 10_15_7)"
192.168.1.105 - - [17/Jul/2025:19:20:17 +0000] "DELETE /api/user HTTP/1.1" 302 3212 "Mozilla/5.0 (Macintosh; Intel Mac OS X 10_15_7)"
192.168.1.107 - - [17/Jul/2025:19:57:57 +0000] "DELETE /api/user HTTP/1.1" 302 2882 "Mozilla/5.0 (Windows NT 10.0; Win64; x64)"
192.168.1.112 - - [18/Jul/2025:05:11:26 +0000] "PUT /login HTTP/1.1" 500 4324 "Mozilla/5.0 (Linux; Android 11)"
192.168.1.103 - - [18/Jul/2025:06:11:26 +0000] "DELETE /dashboard HTTP/1.1" 302 3899 "Mozilla/5.0 (Macintosh; Intel Mac OS X 10_15_7)"
192.168.1.107 - - [18/Jul/2025:14:17:40 +0000] "DELETE /api/data HTTP/1.1" 502 2279 "Mozilla/5.0 (Macintosh; Intel Mac OS X 10_15_7)"
192.168.1.103 - - [18/Jul/2025:11:14:03 +0000] "PUT /api/data HTTP/1.1" 301 627 "Mozilla/5.0 (Macintosh; Intel Mac OS X 10_15_7)"
192.168.1.113 - - [17/Jul/2025:17:40:55 +0000] "GET /logout HTTP/1.1" 403 1926 "Mozilla/5.0 (Linux; Android 11)"
192.168.1.101 - - [18/Jul/2025:07:55:36 +0000] "POST /logout HTTP/1.1" 502 563 "Mozilla/5.0 (Windows NT 10.0; Win64; x64)"
192.168.1.113 - - [17/Jul/2025:18:39:08 +0000] "POST /index.html HTTP/1.1" 301 1776 "Mozilla/5.0 (Macintosh; Intel Mac OS X 10_15_7)"
192.168.1.105 - - [18/Jul/2025:02:09:24 +0000] "PUT /login HTTP/1.1" 400 436 "curl/7.68.0"
192.168.1.107 - - [17/Jul/2025:20:35:29 +0000] "POST / HTTP/1.1" 503 4521 "PostmanRuntime/7.29.0"
192.168.1.106 - - [18/Jul/2025:14:56:22 +0000] "GET /settings HTTP/1.1" 200 3731 "Mozilla/5.0 (Windows NT 10.0; Win64; x64)"
192.168.1.101 - - [17/Jul/2025:19:43:31 +0000] "POST /login HTTP/1.1" 401 2004 "Mozilla/5.0 (Windows NT 10.0; Win64; x64)"
192.168.1.109 - - [18/Jul/2025:09:01:49 +0000] "POST /logout HTTP/1.1" 400 4620 "Mozilla/5.0 (Linux; Android 11)"
192.168.1.104 - - [17/Jul/2025:17:45:05 +0000] "GET /index.html HTTP/1.1" 403 3841 "curl/7.68.0"
192.168.1.106 - - [18/Jul/2025:00:54:09 +0000] "POST /login HTTP/1.1" 500 631 "Mozilla/5.0 (Windows NT 10.0; Win64; x64)"
192.168.1.105 - - [18/Jul/2025:09:05:05 +0000] "DELETE /dashboard HTTP/1.1" 302 2799 "Mozilla/5.0 (Linux; Android 11)"
192.168.1.103 - - [18/Jul/2025:14:01:32 +0000] "GET /settings HTTP/1.1" 403 210 "curl/7.68.0"
192.168.1.108 - - [18/Jul/2025:07:53:10 +0000] "DELETE /logout HTTP/1.1" 404 228 "Mozilla/5.0 (Linux; Android 11)"
192.168.1.104 - - [18/Jul/2025:15:48:46 +0000] "POST /dashboard HTTP/1.1" 401 1302 "curl/7.68.0"
192.168.1.111 - - [18/Jul/2025:07:15:43 +0000] "PUT /dashboard HTTP/1.1" 204 3942 "curl/7.68.0"
192.168.1.110 - - [18/Jul/2025:12:14:05 +0000] "POST /index.html HTTP/1.1" 502 2514 "curl/7.68.0"
192.168.1.114 - - [18/Jul/2025:10:53:42 +0000] "GET /api/user HTTP/1.1" 201 504 "Mozilla/5.0 (Macintosh; Intel Mac OS X 10_15_7)"
192.168.1.106 - - [18/Jul/2025:05:44:34 +0000] "GET /dashboard HTTP/1.1" 302 4862 "Mozilla/5.0 (Macintosh; Intel Mac OS X 10_15_7)"
192.168.1.113 - - [18/Jul/2025:06:48:45 +0000] "POST /api/data HTTP/1.1" 200 1059 "Mozilla/5.0 (Linux; Android 11)"
192.168.1.114 - - [18/Jul/2025:12:43:53 +0000] "GET /index.html HTTP/1.1" 400 3706 "curl/7.68.0"
192.168.1.109 - - [17/Jul/2025:21:10:31 +0000] "PUT /index.html HTTP/1.1" 502 1520 "Mozilla/5.0 (Windows NT 10.0; Win64; x64)"
192.168.1.105 - - [17/Jul/2025:20:35:29 +0000] "PUT /logout HTTP/1.1" 500 1921 "curl/7.68.0"
192.168.1.107 - - [18/Jul/2025:12:16:27 +0000] "DELETE /index.html HTTP/1.1" 301 1591 "curl/7.68.0"
192.168.1.110 - - [17/Jul/2025:17:41:12 +0000] "POST /index.html HTTP/1.1" 201 3907 "curl/7.68.0"
192.168.1.103 - - [18/Jul/2025:00:13:31 +0000] "PUT / HTTP/1.1" 302 759 "Mozilla/5.0 (Macintosh; Intel Mac OS X 10_15_7)"
192.168.1.109 - - [18/Jul/2025:06:18:43 +0000] "POST /logout HTTP/1.1" 403 896 "Mozilla/5.0 (Linux; Android 11)"
192.168.1.112 - - [17/Jul/2025:22:00:19 +0000] "PUT /api/user HTTP/1.1" 403 4119 "Mozilla/5.0 (Macintosh; Intel Mac OS X 10_15_7)"
192.168.1.106 - - [17/Jul/2025:23:07:38 +0000] "GET /api/data HTTP/1.1" 204 335 "PostmanRuntime/7.29.0"
192.168.1.106 - - [18/Jul/2025:07:18:31 +0000] "DELETE /api/user HTTP/1.1" 302 748 "Mozilla/5.0 (Windows NT 10.0; Win64; x64)"
192.168.1.103 - - [18/Jul/2025:11:08:28 +0000] "PUT /api/data HTTP/1.1" 204 1958 "Mozilla/5.0 (Windows NT 10.0; Win64; x64)"
192.168.1.109 - - [17/Jul/2025:22:10:16 +0000] "PUT /dashboard HTTP/1.1" 401 3342 "PostmanRuntime/7.29.0"
192.168.1.106 - - [18/Jul/2025:13:20:58 +0000] "DELETE /index.html HTTP/1.1" 204 1619 "Mozilla/5.0 (Windows NT 10.0; Win64; x64)"
192.168.1.101 - - [18/Jul/2025:04:45:09 +0000] "DELETE /api/data HTTP/1.1" 201 2923 "Mozilla/5.0 (Macintosh; Intel Mac OS X 10_15_7)"
192.168.1.107 - - [17/Jul/2025:21:27:02 +0000] "PUT /api/user HTTP/1.1" 301 1077 "Mozilla/5.0 (Linux; Android 11)"
192.168.1.111 - - [18/Jul/2025:14:48:41 +0000] "PUT /login HTTP/1.1" 404 436 "Mozilla/5.0 (Windows NT 10.0; Win64; x64)"
192.168.1.114 - - [17/Jul/2025:20:11:15 +0000] "POST / HTTP/1.1" 200 1360 "PostmanRuntime/7.29.0"
192.168.1.110 - - [17/Jul/2025:21:19:43 +0000] "GET /logout HTTP/1.1" 301 1440 "Mozilla/5.0 (Linux; Android 11)"
192.168.1.113 - - [18/Jul/2025:09:14:39 +0000] "DELETE /dashboard HTTP/1.1" 401 1957 "Mozilla/5.0 (Windows NT 10.0; Win64; x64)"
192.168.1.109 - - [18/Jul/2025:09:07:38 +0000] "GET /logout HTTP/1.1" 403 3055 "Mozilla/5.0 (Linux; Android 11)"
192.168.1.108 - - [18/Jul/2025:07:35:42 +0000] "POST /dashboard HTTP/1.1" 400 2935 "curl/7.68.0"
192.168.1.101 - - [17/Jul/2025:23:13:07 +0000] "DELETE /login HTTP/1.1" 404 4464 "PostmanRuntime/7.29.0"
192.168.1.103 - - [18/Jul/2025:00:23:22 +0000] "PUT /api/user HTTP/1.1" 403 2018 "Mozilla/5.0 (Linux; Android 11)"
192.168.1.106 - - [18/Jul/2025:12:57:45 +0000] "PUT / HTTP/1.1" 301 863 "Mozilla/5.0 (Macintosh; Intel Mac OS X 10_15_7)"
192.168.1.102 - - [18/Jul/2025:16:40:27 +0000] "GET /index.html HTTP/1.1" 301 3907 "Mozilla/5.0 (Windows NT 10.0; Win64; x64)"
192.168.1.105 - - [18/Jul/2025:10:09:27 +0000] "POST /logout HTTP/1.1" 302 585 "curl/7.68.0"
192.168.1.114 - - [18/Jul/2025:11:54:56 +0000] "PUT /api/data HTTP/1.1" 204 649 "Mozilla/5.0 (Linux; Android 11)"
192.168.1.115 - - [17/Jul/2025:20:27:55 +0000] "PUT /index.html HTTP/1.1" 400 2815 "Mozilla/5.0 (Windows NT 10.0; Win64; x64)"
192.168.1.115 - - [18/Jul/2025:09:54:44 +0000] "POST /dashboard HTTP/1.1" 404 1130 "PostmanRuntime/7.29.0"
192.168.1.107 - - [18/Jul/2025:10:13:06 +0000] "DELETE /dashboard HTTP/1.1" 401 3951 "Mozilla/5.0 (Windows NT 10.0; Win64; x64)"
192.168.1.105 - - [17/Jul/2025:19:28:17 +0000] "GET /api/user HTTP/1.1" 404 4501 "Mozilla/5.0 (Linux; Android 11)"
192.168.1.103 - - [17/Jul/2025:22:47:07 +0000] "GET /login HTTP/1.1" 302 3366 "Mozilla/5.0 (Linux; Android 11)"
192.168.1.103 - - [18/Jul/2025:14:00:22 +0000] "PUT /login HTTP/1.1" 204 4978 "Mozilla/5.0 (Windows NT 10.0; Win64; x64)"
192.168.1.115 - - [18/Jul/2025:10:49:14 +0000] "PUT /settings HTTP/1.1" 500 3823 "Mozilla/5.0 (Windows NT 10.0; Win64; x64)"
192.168.1.107 - - [18/Jul/2025:12:36:40 +0000] "POST /login HTTP/1.1" 502 1834 "Mozilla/5.0 (Windows NT 10.0; Win64; x64)"
192.168.1.110 - - [18/Jul/2025:13:00:39 +0000] "GET / HTTP/1.1" 403 333 "Mozilla/5.0 (Windows NT 10.0; Win64; x64)"
192.168.1.112 - - [18/Jul/2025:01:21:23 +0000] "POST /settings HTTP/1.1" 301 1449 "PostmanRuntime/7.29.0"
192.168.1.101 - - [17/Jul/2025:21:50:17 +0000] "GET /api/user HTTP/1.1" 204 3696 "PostmanRuntime/7.29.0"
192.168.1.105 - - [18/Jul/2025:09:58:39 +0000] "PUT /api/user HTTP/1.1" 301 4748 "Mozilla/5.0 (Macintosh; Intel Mac OS X 10_15_7)"
192.168.1.110 - - [17/Jul/2025:21:43:50 +0000] "PUT /dashboard HTTP/1.1" 401 2164 "Mozilla/5.0 (Windows NT 10.0; Win64; x64)"
192.168.1.114 - - [18/Jul/2025:11:41:28 +0000] "POST /settings HTTP/1.1" 200 1719 "Mozilla/5.0 (Macintosh; Intel Mac OS X 10_15_7)"
192.168.1.110 - - [17/Jul/2025:22:53:10 +0000] "DELETE /login HTTP/1.1" 301 3161 "Mozilla/5.0 (Linux; Android 11)"
192.168.1.115 - - [18/Jul/2025:10:51:10 +0000] "GET /settings HTTP/1.1" 401 4313 "Mozilla/5.0 (Linux; Android 11)"
192.168.1.109 - - [18/Jul/2025:08:41:43 +0000] "PUT /api/data HTTP/1.1" 500 3617 "Mozilla/5.0 (Macintosh; Intel Mac OS X 10_15_7)"
192.168.1.110 - - [17/Jul/2025:19:47:19 +0000] "GET /api/data HTTP/1.1" 404 4267 "PostmanRuntime/7.29.0"
192.168.1.108 - - [17/Jul/2025:23:59:38 +0000] "DELETE /dashboard HTTP/1.1" 201 4415 "PostmanRuntime/7.29.0"
192.168.1.101 - - [18/Jul/2025:00:44:14 +0000] "DELETE /logout HTTP/1.1" 200 3634 "Mozilla/5.0 (Windows NT 10.0; Win64; x64)"
192.168.1.108 - - [18/Jul/2025:03:04:00 +0000] "PUT /settings HTTP/1.1" 201 4774 "Mozilla/5.0 (Windows NT 10.0; Win64; x64)"
192.168.1.101 - - [18/Jul/2025:05:20:48 +0000] "PUT /api/user HTTP/1.1" 201 1477 "Mozilla/5.0 (Macintosh; Intel Mac OS X 10_15_7)"
192.168.1.109 - - [17/Jul/2025:21:39:01 +0000] "POST /settings HTTP/1.1" 403 4082 "PostmanRuntime/7.29.0"
192.168.1.104 - - [18/Jul/2025:08:42:44 +0000] "DELETE /settings HTTP/1.1" 500 982 "PostmanRuntime/7.29.0"
192.168.1.108 - - [17/Jul/2025:18:24:01 +0000] "DELETE /login HTTP/1.1" 302 4083 "Mozilla/5.0 (Macintosh; Intel Mac OS X 10_15_7)"
192.168.1.103 - - [18/Jul/2025:13:22:06 +0000] "GET / HTTP/1.1" 502 509 "Mozilla/5.0 (Linux; Android 11)"
192.168.1.113 - - [18/Jul/2025:02:52:31 +0000] "PUT /logout HTTP/1.1" 503 441 "PostmanRuntime/7.29.0"
192.168.1.112 - - [18/Jul/2025:06:10:58 +0000] "GET /dashboard HTTP/1.1" 204 1827 "Mozilla/5.0 (Macintosh; Intel Mac OS X 10_15_7)"
192.168.1.108 - - [17/Jul/2025:21:32:51 +0000] "GET /settings HTTP/1.1" 401 4622 "Mozilla/5.0 (Linux; Android 11)"
192.168.1.103 - - [18/Jul/2025:04:13:52 +0000] "POST /logout HTTP/1.1" 403 2478 "Mozilla/5.0 (Macintosh; Intel Mac OS X 10_15_7)"
192.168.1.111 - - [17/Jul/2025:19:16:00 +0000] "POST /dashboard HTTP/1.1" 503 485 "curl/7.68.0"
192.168.1.110 - - [18/Jul/2025:13:50:26 +0000] "GET /logout HTTP/1.1" 301 4696 "Mozilla/5.0 (Windows NT 10.0; Win64; x64)"
192.168.1.109 - - [18/Jul/2025:04:06:27 +0000] "GET /api/user HTTP/1.1" 201 1233 "Mozilla/5.0 (Macintosh; Intel Mac OS X 10_15_7)"
192.168.1.108 - - [18/Jul/2025:09:06:00 +0000] "POST /dashboard HTTP/1.1" 204 4308 "PostmanRuntime/7.29.0"
192.168.1.108 - - [18/Jul/2025:06:12:33 +0000] "DELETE / HTTP/1.1" 503 4976 "Mozilla/5.0 (Windows NT 10.0; Win64; x64)"
192.168.1.104 - - [18/Jul/2025:05:20:31 +0000] "POST /api/user HTTP/1.1" 204 3176 "Mozilla/5.0 (Macintosh; Intel Mac OS X 10_15_7)"
192.168.1.115 - - [17/Jul/2025:22:24:13 +0000] "PUT /logout HTTP/1.1" 200 139 "PostmanRuntime/7.29.0"
192.168.1.112 - - [18/Jul/2025:17:06:10 +0000] "PUT / HTTP/1.1" 503 178 "Mozilla/5.0 (Windows NT 10.0; Win64; x64)"
192.168.1.110 - - [17/Jul/2025:22:34:06 +0000] "DELETE /dashboard HTTP/1.1" 201 864 "Mozilla/5.0 (Windows NT 10.0; Win64; x64)"
192.168.1.105 - - [18/Jul/2025:11:03:19 +0000] "DELETE /settings HTTP/1.1" 301 3440 "Mozilla/5.0 (Macintosh; Intel Mac OS X 10_15_7)"
192.168.1.106 - - [17/Jul/2025:21:56:44 +0000] "POST /login HTTP/1.1" 201 2720 "PostmanRuntime/7.29.0"
192.168.1.112 - - [18/Jul/2025:14:22:41 +0000] "POST /dashboard HTTP/1.1" 200 702 "PostmanRuntime/7.29.0"
192.168.1.105 - - [18/Jul/2025:15:22:04 +0000] "DELETE /login HTTP/1.1" 400 2292 "curl/7.68.0"
192.168.1.113 - - [18/Jul/2025:02:33:14 +0000] "GET /logout HTTP/1.1" 404 2079 "curl/7.68.0"
192.168.1.111 - - [17/Jul/2025:19:56:29 +0000] "DELETE /api/data HTTP/1.1" 503 4926 "PostmanRuntime/7.29.0"
192.168.1.101 - - [17/Jul/2025:18:27:40 +0000] "PUT /login HTTP/1.1" 401 4515 "PostmanRuntime/7.29.0"
192.168.1.104 - - [17/Jul/2025:23:50:12 +0000] "POST /dashboard HTTP/1.1" 302 3984 "Mozilla/5.0 (Linux; Android 11)"
192.168.1.115 - - [18/Jul/2025:15:06:27 +0000] "POST /api/data HTTP/1.1" 500 197 "PostmanRuntime/7.29.0"
192.168.1.102 - - [18/Jul/2025:13:04:01 +0000] "GET /api/user HTTP/1.1" 401 920 "PostmanRuntime/7.29.0"
192.168.1.104 - - [18/Jul/2025:13:12:21 +0000] "GET /logout HTTP/1.1" 204 789 "Mozilla/5.0 (Macintosh; Intel Mac OS X 10_15_7)"
192.168.1.101 - - [18/Jul/2025:08:09:30 +0000] "GET /settings HTTP/1.1" 502 2175 "PostmanRuntime/7.29.0"
192.168.1.106 - - [18/Jul/2025:01:10:01 +0000] "DELETE /dashboard HTTP/1.1" 403 748 "Mozilla/5.0 (Macintosh; Intel Mac OS X 10_15_7)"
192.168.1.103 - - [17/Jul/2025:18:22:00 +0000] "POST /api/user HTTP/1.1" 503 3656 "PostmanRuntime/7.29.0"
192.168.1.109 - - [18/Jul/2025:07:02:50 +0000] "POST /index.html HTTP/1.1" 403 4402 "Mozilla/5.0 (Linux; Android 11)"
192.168.1.102 - - [18/Jul/2025:04:15:44 +0000] "GET /dashboard HTTP/1.1" 500 3571 "Mozilla/5.0 (Windows NT 10.0; Win64; x64)"
192.168.1.101 - - [18/Jul/2025:07:14:17 +0000] "DELETE / HTTP/1.1" 204 3570 "Mozilla/5.0 (Linux; Android 11)"
192.168.1.107 - - [17/Jul/2025:20:24:36 +0000] "POST /logout HTTP/1.1" 301 3090 "Mozilla/5.0 (Linux; Android 11)"
192.168.1.114 - - [18/Jul/2025:09:39:41 +0000] "POST / HTTP/1.1" 400 4637 "Mozilla/5.0 (Macintosh; Intel Mac OS X 10_15_7)"
192.168.1.111 - - [18/Jul/2025:04:02:07 +0000] "DELETE /api/data HTTP/1.1" 404 459 "Mozilla/5.0 (Macintosh; Intel Mac OS X 10_15_7)"
192.168.1.106 - - [17/Jul/2025:22:28:30 +0000] "POST /api/user HTTP/1.1" 403 102 "Mozilla/5.0 (Linux; Android 11)"
192.168.1.111 - - [18/Jul/2025:14:32:49 +0000] "DELETE /dashboard HTTP/1.1" 301 4968 "Mozilla/5.0 (Linux; Android 11)"
192.168.1.113 - - [17/Jul/2025:23:11:52 +0000] "DELETE /dashboard HTTP/1.1" 502 3466 "curl/7.68.0"
192.168.1.114 - - [18/Jul/2025:06:12:09 +0000] "POST /settings HTTP/1.1" 204 2024 "Mozilla/5.0 (Windows NT 10.0; Win64; x64)"
192.168.1.110 - - [18/Jul/2025:10:36:46 +0000] "PUT /api/data HTTP/1.1" 302 4820 "Mozilla/5.0 (Linux; Android 11)"
192.168.1.102 - - [17/Jul/2025:23:56:05 +0000] "DELETE /logout HTTP/1.1" 301 831 "Mozilla/5.0 (Linux; Android 11)"
192.168.1.109 - - [17/Jul/2025:23:49:49 +0000] "DELETE /settings HTTP/1.1" 500 2707 "Mozilla/5.0 (Linux; Android 11)"
192.168.1.106 - - [18/Jul/2025:01:51:47 +0000] "DELETE /login HTTP/1.1" 500 4434 "Mozilla/5.0 (Macintosh; Intel Mac OS X 10_15_7)"
192.168.1.104 - - [18/Jul/2025:10:29:03 +0000] "DELETE /index.html HTTP/1.1" 201 410 "PostmanRuntime/7.29.0"
192.168.1.114 - - [18/Jul/2025:03:50:59 +0000] "GET /dashboard HTTP/1.1" 201 4941 "PostmanRuntime/7.29.0"
192.168.1.107 - - [17/Jul/2025:19:07:03 +0000] "DELETE /login HTTP/1.1" 302 441 "Mozilla/5.0 (Linux; Android 11)"
192.168.1.115 - - [18/Jul/2025:12:50:44 +0000] "GET /dashboard HTTP/1.1" 403 4639 "PostmanRuntime/7.29.0"
192.168.1.114 - - [18/Jul/2025:08:57:51 +0000] "PUT /api/data HTTP/1.1" 201 1486 "curl/7.68.0"
192.168.1.115 - - [18/Jul/2025:09:59:13 +0000] "POST /dashboard HTTP/1.1" 502 4644 "Mozilla/5.0 (Macintosh; Intel Mac OS X 10_15_7)"
192.168.1.107 - - [18/Jul/2025:02:25:49 +0000] "GET /dashboard HTTP/1.1" 201 727 "PostmanRuntime/7.29.0"
192.168.1.103 - - [18/Jul/2025:06:28:05 +0000] "DELETE /api/data HTTP/1.1" 204 2196 "Mozilla/5.0 (Windows NT 10.0; Win64; x64)"
192.168.1.105 - - [17/Jul/2025:22:32:53 +0000] "PUT /login HTTP/1.1" 400 2720 "Mozilla/5.0 (Windows NT 10.0; Win64; x64)"
192.168.1.108 - - [17/Jul/2025:20:01:04 +0000] "GET /logout HTTP/1.1" 301 2691 "PostmanRuntime/7.29.0"
192.168.1.104 - - [18/Jul/2025:10:50:35 +0000] "PUT /login HTTP/1.1" 403 4012 "Mozilla/5.0 (Macintosh; Intel Mac OS X 10_15_7)"
192.168.1.109 - - [18/Jul/2025:03:05:08 +0000] "DELETE /login HTTP/1.1" 401 423 "Mozilla/5.0 (Windows NT 10.0; Win64; x64)"
192.168.1.108 - - [18/Jul/2025:02:52:57 +0000] "GET /api/data HTTP/1.1" 400 246 "curl/7.68.0"
192.168.1.103 - - [18/Jul/2025:15:33:20 +0000] "PUT /login HTTP/1.1" 403 612 "Mozilla/5.0 (Windows NT 10.0; Win64; x64)"
192.168.1.110 - - [18/Jul/2025:14:30:22 +0000] "GET /api/user HTTP/1.1" 500 4692 "curl/7.68.0"
192.168.1.103 - - [18/Jul/2025:14:14:37 +0000] "GET /api/data HTTP/1.1" 404 4968 "Mozilla/5.0 (Linux; Android 11)"
192.168.1.111 - - [17/Jul/2025:20:54:52 +0000] "GET /login HTTP/1.1" 503 3457 "Mozilla/5.0 (Macintosh; Intel Mac OS X 10_15_7)"
192.168.1.110 - - [17/Jul/2025:23:00:38 +0000] "DELETE /api/data HTTP/1.1" 302 3360 "PostmanRuntime/7.29.0"
192.168.1.113 - - [17/Jul/2025:23:12:31 +0000] "POST /api/user HTTP/1.1" 200 222 "curl/7.68.0"
192.168.1.112 - - [17/Jul/2025:18:27:15 +0000] "DELETE /index.html HTTP/1.1" 201 4501 "Mozilla/5.0 (Windows NT 10.0; Win64; x64)"
192.168.1.114 - - [18/Jul/2025:10:57:00 +0000] "PUT / HTTP/1.1" 301 4408 "Mozilla/5.0 (Windows NT 10.0; Win64; x64)"
192.168.1.115 - - [18/Jul/2025:03:55:10 +0000] "GET /api/data HTTP/1.1" 200 705 "Mozilla/5.0 (Windows NT 10.0; Win64; x64)"
192.168.1.101 - - [18/Jul/2025:12:34:13 +0000] "DELETE /settings HTTP/1.1" 201 3957 "curl/7.68.0"
192.168.1.103 - - [18/Jul/2025:02:07:38 +0000] "GET /login HTTP/1.1" 404 1373 "curl/7.68.0"
192.168.1.105 - - [18/Jul/2025:16:55:06 +0000] "DELETE /dashboard HTTP/1.1" 301 3928 "Mozilla/5.0 (Windows NT 10.0; Win64; x64)"
192.168.1.110 - - [17/Jul/2025:21:54:37 +0000] "DELETE /settings HTTP/1.1" 200 3661 "Mozilla/5.0 (Windows NT 10.0; Win64; x64)"
192.168.1.109 - - [17/Jul/2025:20:27:40 +0000] "GET /dashboard HTTP/1.1" 204 1387 "Mozilla/5.0 (Windows NT 10.0; Win64; x64)"
192.168.1.107 - - [17/Jul/2025:20:22:18 +0000] "POST /dashboard HTTP/1.1" 401 2016 "Mozilla/5.0 (Windows NT 10.0; Win64; x64)"
192.168.1.112 - - [18/Jul/2025:14:50:11 +0000] "PUT / HTTP/1.1" 502 2636 "PostmanRuntime/7.29.0"
192.168.1.112 - - [17/Jul/2025:21:39:37 +0000] "POST /login HTTP/1.1" 201 146 "PostmanRuntime/7.29.0"
192.168.1.104 - - [17/Jul/2025:19:10:12 +0000] "DELETE /dashboard HTTP/1.1" 201 4748 "Mozilla/5.0 (Linux; Android 11)"
192.168.1.105 - - [17/Jul/2025:21:11:10 +0000] "DELETE / HTTP/1.1" 502 3616 "Mozilla/5.0 (Linux; Android 11)"
192.168.1.101 - - [17/Jul/2025:23:07:32 +0000] "POST /dashboard HTTP/1.1" 400 4816 "Mozilla/5.0 (Macintosh; Intel Mac OS X 10_15_7)"
192.168.1.109 - - [18/Jul/2025:14:16:04 +0000] "GET /login HTTP/1.1" 302 1152 "PostmanRuntime/7.29.0"
192.168.1.108 - - [17/Jul/2025:23:18:44 +0000] "PUT /settings HTTP/1.1" 204 513 "Mozilla/5.0 (Linux; Android 11)"
192.168.1.114 - - [17/Jul/2025:19:00:11 +0000] "GET /logout HTTP/1.1" 403 4568 "PostmanRuntime/7.29.0"
192.168.1.101 - - [18/Jul/2025:05:50:26 +0000] "PUT / HTTP/1.1" 200 3740 "PostmanRuntime/7.29.0"
192.168.1.102 - - [18/Jul/2025:01:11:58 +0000] "POST /logout HTTP/1.1" 403 1465 "curl/7.68.0"
192.168.1.109 - - [18/Jul/2025:13:04:28 +0000] "GET /login HTTP/1.1" 204 1322 "Mozilla/5.0 (Macintosh; Intel Mac OS X 10_15_7)"
192.168.1.104 - - [17/Jul/2025:21:32:15 +0000] "DELETE / HTTP/1.1" 204 400 "Mozilla/5.0 (Linux; Android 11)"
192.168.1.104 - - [17/Jul/2025:19:17:14 +0000] "DELETE /api/data HTTP/1.1" 301 648 "Mozilla/5.0 (Linux; Android 11)"
192.168.1.114 - - [18/Jul/2025:02:42:02 +0000] "POST /login HTTP/1.1" 502 4621 "curl/7.68.0"
192.168.1.115 - - [17/Jul/2025:18:04:20 +0000] "PUT / HTTP/1.1" 301 3630 "Mozilla/5.0 (Linux; Android 11)"
192.168.1.104 - - [18/Jul/2025:05:53:22 +0000] "DELETE /login HTTP/1.1" 301 4482 "curl/7.68.0"
192.168.1.108 - - [17/Jul/2025:19:40:49 +0000] "POST /index.html HTTP/1.1" 200 4049 "curl/7.68.0"
192.168.1.103 - - [18/Jul/2025:08:37:15 +0000] "DELETE /login HTTP/1.1" 301 616 "Mozilla/5.0 (Macintosh; Intel Mac OS X 10_15_7)"
192.168.1.109 - - [18/Jul/2025:14:40:34 +0000] "PUT /settings HTTP/1.1" 403 1100 "Mozilla/5.0 (Linux; Android 11)"
192.168.1.101 - - [18/Jul/2025:11:13:49 +0000] "PUT / HTTP/1.1" 401 1310 "Mozilla/5.0 (Linux; Android 11)"
192.168.1.113 - - [18/Jul/2025:11:58:43 +0000] "GET /api/data HTTP/1.1" 400 328 "Mozilla/5.0 (Windows NT 10.0; Win64; x64)"
192.168.1.111 - - [18/Jul/2025:03:57:47 +0000] "POST /settings HTTP/1.1" 200 2230 "PostmanRuntime/7.29.0"
192.168.1.114 - - [18/Jul/2025:13:49:29 +0000] "DELETE /api/data HTTP/1.1" 403 1814 "Mozilla/5.0 (Linux; Android 11)"
192.168.1.112 - - [18/Jul/2025:15:39:31 +0000] "GET /index.html HTTP/1.1" 200 177 "PostmanRuntime/7.29.0"
192.168.1.109 - - [17/Jul/2025:20:43:40 +0000] "PUT /logout HTTP/1.1" 401 1880 "Mozilla/5.0 (Windows NT 10.0; Win64; x64)"
192.168.1.110 - - [17/Jul/2025:20:17:47 +0000] "DELETE /api/user HTTP/1.1" 301 3336 "Mozilla/5.0 (Windows NT 10.0; Win64; x64)"
192.168.1.102 - - [18/Jul/2025:00:18:38 +0000] "DELETE / HTTP/1.1" 502 4534 "PostmanRuntime/7.29.0"
192.168.1.112 - - [18/Jul/2025:03:39:49 +0000] "PUT /login HTTP/1.1" 400 1207 "Mozilla/5.0 (Windows NT 10.0; Win64; x64)"
192.168.1.115 - - [18/Jul/2025:11:53:18 +0000] "DELETE /logout HTTP/1.1" 401 3902 "Mozilla/5.0 (Macintosh; Intel Mac OS X 10_15_7)"
192.168.1.114 - - [17/Jul/2025:20:38:47 +0000] "GET /logout HTTP/1.1" 200 2684 "curl/7.68.0"
192.168.1.112 - - [18/Jul/2025:12:23:11 +0000] "GET /settings HTTP/1.1" 403 364 "Mozilla/5.0 (Linux; Android 11)"
192.168.1.105 - - [18/Jul/2025:00:32:55 +0000] "PUT /logout HTTP/1.1" 204 3624 "Mozilla/5.0 (Linux; Android 11)"
192.168.1.106 - - [17/Jul/2025:19:44:12 +0000] "DELETE /index.html HTTP/1.1" 301 3298 "Mozilla/5.0 (Linux; Android 11)"
192.168.1.106 - - [17/Jul/2025:22:07:52 +0000] "GET / HTTP/1.1" 301 1261 "curl/7.68.0"
192.168.1.106 - - [18/Jul/2025:06:02:59 +0000] "DELETE /api/data HTTP/1.1" 302 4183 "Mozilla/5.0 (Windows NT 10.0; Win64; x64)"
192.168.1.104 - - [18/Jul/2025:16:06:02 +0000] "GET /api/data HTTP/1.1" 400 2738 "curl/7.68.0"
192.168.1.110 - - [18/Jul/2025:01:23:53 +0000] "PUT /settings HTTP/1.1" 404 781 "Mozilla/5.0 (Windows NT 10.0; Win64; x64)"
192.168.1.114 - - [17/Jul/2025:21:29:29 +0000] "GET /login HTTP/1.1" 500 416 "Mozilla/5.0 (Macintosh; Intel Mac OS X 10_15_7)"
192.168.1.102 - - [17/Jul/2025:21:08:06 +0000] "GET /logout HTTP/1.1" 502 593 "Mozilla/5.0 (Windows NT 10.0; Win64; x64)"
192.168.1.107 - - [18/Jul/2025:07:32:51 +0000] "POST /api/user HTTP/1.1" 403 805 "curl/7.68.0"
192.168.1.113 - - [18/Jul/2025:07:02:22 +0000] "DELETE /logout HTTP/1.1" 503 3248 "PostmanRuntime/7.29.0"
192.168.1.111 - - [18/Jul/2025:04:44:04 +0000] "GET /settings HTTP/1.1" 502 1733 "PostmanRuntime/7.29.0"
192.168.1.113 - - [18/Jul/2025:08:22:34 +0000] "GET /logout HTTP/1.1" 301 4960 "curl/7.68.0"
192.168.1.105 - - [18/Jul/2025:07:27:38 +0000] "PUT /settings HTTP/1.1" 500 1675 "Mozilla/5.0 (Windows NT 10.0; Win64; x64)"
192.168.1.108 - - [17/Jul/2025:18:33:08 +0000] "GET /index.html HTTP/1.1" 200 1322 "PostmanRuntime/7.29.0"
192.168.1.115 - - [18/Jul/2025:12:39:16 +0000] "PUT /index.html HTTP/1.1" 201 3085 "Mozilla/5.0 (Linux; Android 11)"
192.168.1.110 - - [18/Jul/2025:01:35:37 +0000] "DELETE /login HTTP/1.1" 301 2863 "PostmanRuntime/7.29.0"
192.168.1.114 - - [18/Jul/2025:08:11:40 +0000] "GET /api/user HTTP/1.1" 404 274 "PostmanRuntime/7.29.0"
192.168.1.103 - - [17/Jul/2025:23:53:27 +0000] "POST /settings HTTP/1.1" 403 2671 "curl/7.68.0"
192.168.1.109 - - [17/Jul/2025:21:48:28 +0000] "POST /dashboard HTTP/1.1" 301 3778 "curl/7.68.0"
192.168.1.110 - - [18/Jul/2025:08:16:55 +0000] "DELETE /dashboard HTTP/1.1" 502 1444 "Mozilla/5.0 (Macintosh; Intel Mac OS X 10_15_7)"
192.168.1.109 - - [18/Jul/2025:03:22:26 +0000] "POST /api/data HTTP/1.1" 503 2081 "Mozilla/5.0 (Linux; Android 11)"
192.168.1.115 - - [17/Jul/2025:22:21:42 +0000] "DELETE /login HTTP/1.1" 201 3510 "PostmanRuntime/7.29.0"
192.168.1.109 - - [17/Jul/2025:23:54:00 +0000] "PUT /login HTTP/1.1" 302 2366 "curl/7.68.0"
192.168.1.105 - - [18/Jul/2025:14:49:57 +0000] "GET /index.html HTTP/1.1" 302 1671 "curl/7.68.0"
192.168.1.111 - - [18/Jul/2025:10:38:36 +0000] "PUT /login HTTP/1.1" 401 1424 "Mozilla/5.0 (Windows NT 10.0; Win64; x64)"
192.168.1.112 - - [18/Jul/2025:16:18:26 +0000] "GET / HTTP/1.1" 302 2660 "Mozilla/5.0 (Windows NT 10.0; Win64; x64)"
192.168.1.115 - - [18/Jul/2025:03:09:38 +0000] "POST / HTTP/1.1" 200 775 "PostmanRuntime/7.29.0"
192.168.1.103 - - [17/Jul/2025:18:43:52 +0000] "POST /index.html HTTP/1.1" 400 2237 "Mozilla/5.0 (Linux; Android 11)"
192.168.1.104 - - [17/Jul/2025:19:58:03 +0000] "DELETE /settings HTTP/1.1" 401 3511 "curl/7.68.0"
192.168.1.108 - - [17/Jul/2025:22:00:36 +0000] "DELETE /dashboard HTTP/1.1" 302 3764 "Mozilla/5.0 (Macintosh; Intel Mac OS X 10_15_7)"
192.168.1.113 - - [18/Jul/2025:03:24:22 +0000] "PUT /dashboard HTTP/1.1" 403 1370 "Mozilla/5.0 (Macintosh; Intel Mac OS X 10_15_7)"
192.168.1.101 - - [17/Jul/2025:22:40:08 +0000] "PUT /logout HTTP/1.1" 404 3717 "curl/7.68.0"
192.168.1.113 - - [17/Jul/2025:18:59:08 +0000] "GET /login HTTP/1.1" 201 2941 "Mozilla/5.0 (Macintosh; Intel Mac OS X 10_15_7)"
192.168.1.115 - - [17/Jul/2025:19:48:40 +0000] "POST /settings HTTP/1.1" 403 3542 "Mozilla/5.0 (Linux; Android 11)"
192.168.1.106 - - [17/Jul/2025:22:24:58 +0000] "DELETE /api/user HTTP/1.1" 502 3654 "PostmanRuntime/7.29.0"
192.168.1.103 - - [17/Jul/2025:21:37:39 +0000] "PUT /index.html HTTP/1.1" 500 2133 "Mozilla/5.0 (Linux; Android 11)"
192.168.1.113 - - [17/Jul/2025:23:12:26 +0000] "PUT /settings HTTP/1.1" 400 1694 "Mozilla/5.0 (Macintosh; Intel Mac OS X 10_15_7)"
192.168.1.111 - - [18/Jul/2025:02:00:45 +0000] "GET / HTTP/1.1" 201 1140 "Mozilla/5.0 (Macintosh; Intel Mac OS X 10_15_7)"
192.168.1.115 - - [18/Jul/2025:11:35:43 +0000] "POST /api/data HTTP/1.1" 500 787 "Mozilla/5.0 (Linux; Android 11)"
192.168.1.103 - - [18/Jul/2025:00:28:06 +0000] "PUT /dashboard HTTP/1.1" 500 4320 "Mozilla/5.0 (Macintosh; Intel Mac OS X 10_15_7)"
192.168.1.114 - - [18/Jul/2025:05:02:45 +0000] "PUT /api/data HTTP/1.1" 400 4011 "Mozilla/5.0 (Macintosh; Intel Mac OS X 10_15_7)"
192.168.1.112 - - [18/Jul/2025:14:15:58 +0000] "DELETE / HTTP/1.1" 201 4029 "Mozilla/5.0 (Windows NT 10.0; Win64; x64)"
192.168.1.114 - - [17/Jul/2025:21:54:49 +0000] "GET /api/user HTTP/1.1" 400 2559 "curl/7.68.0"
192.168.1.102 - - [18/Jul/2025:08:51:37 +0000] "POST /settings HTTP/1.1" 502 2153 "PostmanRuntime/7.29.0"
192.168.1.103 - - [17/Jul/2025:20:07:25 +0000] "POST /index.html HTTP/1.1" 500 2713 "Mozilla/5.0 (Linux; Android 11)"
192.168.1.114 - - [17/Jul/2025:18:24:37 +0000] "PUT /api/user HTTP/1.1" 502 4907 "Mozilla/5.0 (Linux; Android 11)"
192.168.1.110 - - [18/Jul/2025:03:17:19 +0000] "DELETE /login HTTP/1.1" 302 4325 "Mozilla/5.0 (Macintosh; Intel Mac OS X 10_15_7)"
192.168.1.108 - - [18/Jul/2025:10:50:54 +0000] "GET /settings HTTP/1.1" 503 1888 "Mozilla/5.0 (Macintosh; Intel Mac OS X 10_15_7)"
192.168.1.105 - - [17/Jul/2025:21:12:13 +0000] "DELETE /dashboard HTTP/1.1" 503 1125 "Mozilla/5.0 (Linux; Android 11)"
192.168.1.108 - - [18/Jul/2025:15:14:09 +0000] "DELETE /dashboard HTTP/1.1" 404 2118 "Mozilla/5.0 (Windows NT 10.0; Win64; x64)"
192.168.1.104 - - [17/Jul/2025:17:49:07 +0000] "DELETE /index.html HTTP/1.1" 500 2950 "Mozilla/5.0 (Linux; Android 11)"
192.168.1.102 - - [18/Jul/2025:09:06:37 +0000] "GET / HTTP/1.1" 200 4669 "curl/7.68.0"
192.168.1.105 - - [18/Jul/2025:12:04:11 +0000] "GET /api/data HTTP/1.1" 400 2048 "PostmanRuntime/7.29.0"
192.168.1.105 - - [17/Jul/2025:21:52:35 +0000] "PUT /dashboard HTTP/1.1" 400 3525 "PostmanRuntime/7.29.0"
192.168.1.109 - - [18/Jul/2025:03:34:46 +0000] "DELETE /api/data HTTP/1.1" 403 4309 "Mozilla/5.0 (Linux; Android 11)"
192.168.1.115 - - [18/Jul/2025:07:45:07 +0000] "DELETE /settings HTTP/1.1" 200 2400 "Mozilla/5.0 (Windows NT 10.0; Win64; x64)"
192.168.1.114 - - [18/Jul/2025:16:35:05 +0000] "DELETE /settings HTTP/1.1" 403 4582 "Mozilla/5.0 (Linux; Android 11)"
192.168.1.106 - - [18/Jul/2025:16:39:23 +0000] "POST /dashboard HTTP/1.1" 502 2134 "Mozilla/5.0 (Macintosh; Intel Mac OS X 10_15_7)"
192.168.1.103 - - [18/Jul/2025:01:48:35 +0000] "PUT /api/data HTTP/1.1" 302 2474 "PostmanRuntime/7.29.0"
192.168.1.102 - - [18/Jul/2025:02:43:28 +0000] "POST /api/data HTTP/1.1" 500 4378 "curl/7.68.0"
192.168.1.103 - - [18/Jul/2025:00:25:23 +0000] "PUT /api/data HTTP/1.1" 201 2796 "curl/7.68.0"
192.168.1.103 - - [18/Jul/2025:02:33:45 +0000] "GET /dashboard HTTP/1.1" 401 1145 "curl/7.68.0"
192.168.1.106 - - [17/Jul/2025:21:42:34 +0000] "PUT /logout HTTP/1.1" 401 2713 "Mozilla/5.0 (Macintosh; Intel Mac OS X 10_15_7)"
192.168.1.108 - - [18/Jul/2025:08:51:51 +0000] "PUT /settings HTTP/1.1" 503 1827 "Mozilla/5.0 (Linux; Android 11)"
192.168.1.115 - - [18/Jul/2025:03:33:56 +0000] "DELETE /api/user HTTP/1.1" 404 1981 "PostmanRuntime/7.29.0"
192.168.1.109 - - [18/Jul/2025:13:35:38 +0000] "GET / HTTP/1.1" 403 4341 "PostmanRuntime/7.29.0"
192.168.1.101 - - [18/Jul/2025:10:57:27 +0000] "POST /api/user HTTP/1.1" 502 4454 "curl/7.68.0"
192.168.1.101 - - [18/Jul/2025:01:48:50 +0000] "PUT /index.html HTTP/1.1" 301 3164 "PostmanRuntime/7.29.0"
192.168.1.110 - - [18/Jul/2025:01:01:56 +0000] "POST /api/user HTTP/1.1" 404 889 "PostmanRuntime/7.29.0"
192.168.1.110 - - [17/Jul/2025:23:33:10 +0000] "GET /api/data HTTP/1.1" 204 3303 "Mozilla/5.0 (Windows NT 10.0; Win64; x64)"
192.168.1.104 - - [17/Jul/2025:21:59:35 +0000] "POST /api/user HTTP/1.1" 503 2269 "Mozilla/5.0 (Macintosh; Intel Mac OS X 10_15_7)"
192.168.1.102 - - [17/Jul/2025:21:27:58 +0000] "PUT /dashboard HTTP/1.1" 404 1363 "PostmanRuntime/7.29.0"
192.168.1.102 - - [17/Jul/2025:17:42:58 +0000] "GET /logout HTTP/1.1" 400 1585 "curl/7.68.0"
192.168.1.101 - - [17/Jul/2025:19:30:48 +0000] "GET /settings HTTP/1.1" 502 2074 "curl/7.68.0"
192.168.1.102 - - [17/Jul/2025:19:46:56 +0000] "POST /api/user HTTP/1.1" 403 3385 "Mozilla/5.0 (Linux; Android 11)"
192.168.1.114 - - [18/Jul/2025:15:49:28 +0000] "GET /dashboard HTTP/1.1" 404 4974 "Mozilla/5.0 (Macintosh; Intel Mac OS X 10_15_7)"
192.168.1.108 - - [18/Jul/2025:03:50:22 +0000] "GET /index.html HTTP/1.1" 301 4345 "curl/7.68.0"
192.168.1.103 - - [18/Jul/2025:13:04:54 +0000] "PUT / HTTP/1.1" 500 1915 "Mozilla/5.0 (Windows NT 10.0; Win64; x64)"
192.168.1.103 - - [18/Jul/2025:00:00:16 +0000] "PUT /api/data HTTP/1.1" 403 2698 "Mozilla/5.0 (Windows NT 10.0; Win64; x64)"
192.168.1.112 - - [17/Jul/2025:20:42:24 +0000] "GET /api/data HTTP/1.1" 401 3978 "Mozilla/5.0 (Linux; Android 11)"
192.168.1.106 - - [17/Jul/2025:21:42:20 +0000] "PUT / HTTP/1.1" 404 4358 "Mozilla/5.0 (Windows NT 10.0; Win64; x64)"
192.168.1.109 - - [17/Jul/2025:18:05:36 +0000] "GET /dashboard HTTP/1.1" 503 997 "Mozilla/5.0 (Macintosh; Intel Mac OS X 10_15_7)"
192.168.1.105 - - [18/Jul/2025:03:48:11 +0000] "GET /settings HTTP/1.1" 201 856 "Mozilla/5.0 (Macintosh; Intel Mac OS X 10_15_7)"
192.168.1.114 - - [18/Jul/2025:12:03:30 +0000] "POST /logout HTTP/1.1" 502 3103 "Mozilla/5.0 (Windows NT 10.0; Win64; x64)"
192.168.1.105 - - [18/Jul/2025:04:59:33 +0000] "PUT /index.html HTTP/1.1" 201 1079 "Mozilla/5.0 (Linux; Android 11)"
192.168.1.105 - - [18/Jul/2025:07:26:59 +0000] "POST /settings HTTP/1.1" 502 1336 "Mozilla/5.0 (Windows NT 10.0; Win64; x64)"
192.168.1.102 - - [18/Jul/2025:15:32:37 +0000] "GET /api/user HTTP/1.1" 502 1471 "Mozilla/5.0 (Windows NT 10.0; Win64; x64)"
192.168.1.103 - - [18/Jul/2025:15:56:52 +0000] "POST /api/data HTTP/1.1" 400 4894 "PostmanRuntime/7.29.0"
192.168.1.108 - - [17/Jul/2025:17:20:00 +0000] "PUT /index.html HTTP/1.1" 503 3794 "Mozilla/5.0 (Macintosh; Intel Mac OS X 10_15_7)"
192.168.1.109 - - [18/Jul/2025:15:31:11 +0000] "POST /dashboard HTTP/1.1" 200 3496 "PostmanRuntime/7.29.0"
192.168.1.114 - - [18/Jul/2025:12:25:23 +0000] "DELETE /login HTTP/1.1" 404 4072 "Mozilla/5.0 (Linux; Android 11)"
192.168.1.114 - - [17/Jul/2025:23:21:09 +0000] "PUT /api/data HTTP/1.1" 401 237 "curl/7.68.0"
192.168.1.110 - - [18/Jul/2025:15:06:05 +0000] "GET /logout HTTP/1.1" 204 4026 "curl/7.68.0"
192.168.1.110 - - [17/Jul/2025:21:57:48 +0000] "PUT /dashboard HTTP/1.1" 404 433 "Mozilla/5.0 (Windows NT 10.0; Win64; x64)"
192.168.1.109 - - [17/Jul/2025:21:24:02 +0000] "POST /dashboard HTTP/1.1" 204 1913 "Mozilla/5.0 (Windows NT 10.0; Win64; x64)"
192.168.1.106 - - [18/Jul/2025:09:29:48 +0000] "POST /login HTTP/1.1" 401 1420 "Mozilla/5.0 (Macintosh; Intel Mac OS X 10_15_7)"
192.168.1.103 - - [18/Jul/2025:09:20:51 +0000] "PUT /settings HTTP/1.1" 503 2653 "Mozilla/5.0 (Windows NT 10.0; Win64; x64)"
192.168.1.113 - - [18/Jul/2025:01:26:59 +0000] "PUT /logout HTTP/1.1" 502 2632 "Mozilla/5.0 (Windows NT 10.0; Win64; x64)"
192.168.1.102 - - [18/Jul/2025:04:53:08 +0000] "PUT /index.html HTTP/1.1" 201 4272 "Mozilla/5.0 (Macintosh; Intel Mac OS X 10_15_7)"
192.168.1.110 - - [18/Jul/2025:08:35:26 +0000] "POST /api/data HTTP/1.1" 200 4807 "PostmanRuntime/7.29.0"
192.168.1.110 - - [18/Jul/2025:09:54:13 +0000] "POST /dashboard HTTP/1.1" 404 1872 "Mozilla/5.0 (Macintosh; Intel Mac OS X 10_15_7)"
192.168.1.108 - - [18/Jul/2025:05:29:40 +0000] "PUT /settings HTTP/1.1" 302 635 "Mozilla/5.0 (Windows NT 10.0; Win64; x64)"
192.168.1.110 - - [18/Jul/2025:09:02:52 +0000] "DELETE /api/data HTTP/1.1" 404 2980 "curl/7.68.0"
192.168.1.102 - - [18/Jul/2025:01:30:23 +0000] "DELETE /settings HTTP/1.1" 301 190 "Mozilla/5.0 (Macintosh; Intel Mac OS X 10_15_7)"
192.168.1.110 - - [18/Jul/2025:14:28:05 +0000] "DELETE /api/data HTTP/1.1" 403 3431 "Mozilla/5.0 (Windows NT 10.0; Win64; x64)"
192.168.1.107 - - [18/Jul/2025:16:16:42 +0000] "DELETE /logout HTTP/1.1" 401 3140 "Mozilla/5.0 (Linux; Android 11)"
192.168.1.107 - - [18/Jul/2025:02:37:59 +0000] "GET /login HTTP/1.1" 503 4784 "curl/7.68.0"
192.168.1.105 - - [17/Jul/2025:21:21:14 +0000] "GET /api/data HTTP/1.1" 201 2126 "curl/7.68.0"
192.168.1.110 - - [18/Jul/2025:08:57:09 +0000] "PUT /login HTTP/1.1" 302 696 "PostmanRuntime/7.29.0"
192.168.1.111 - - [17/Jul/2025:17:30:30 +0000] "PUT /dashboard HTTP/1.1" 401 3923 "Mozilla/5.0 (Macintosh; Intel Mac OS X 10_15_7)"
192.168.1.111 - - [18/Jul/2025:05:13:07 +0000] "GET /api/data HTTP/1.1" 301 4896 "Mozilla/5.0 (Linux; Android 11)"
192.168.1.104 - - [17/Jul/2025:17:36:04 +0000] "DELETE /login HTTP/1.1" 302 3539 "Mozilla/5.0 (Windows NT 10.0; Win64; x64)"
192.168.1.102 - - [18/Jul/2025:05:04:06 +0000] "POST /logout HTTP/1.1" 204 155 "Mozilla/5.0 (Windows NT 10.0; Win64; x64)"
192.168.1.105 - - [18/Jul/2025:02:45:48 +0000] "POST /login HTTP/1.1" 200 913 "Mozilla/5.0 (Windows NT 10.0; Win64; x64)"
192.168.1.104 - - [18/Jul/2025:04:14:05 +0000] "GET /login HTTP/1.1" 400 1993 "Mozilla/5.0 (Linux; Android 11)"
192.168.1.109 - - [18/Jul/2025:12:21:28 +0000] "PUT /dashboard HTTP/1.1" 302 930 "Mozilla/5.0 (Linux; Android 11)"
192.168.1.114 - - [18/Jul/2025:11:50:12 +0000] "GET /api/user HTTP/1.1" 503 1485 "Mozilla/5.0 (Macintosh; Intel Mac OS X 10_15_7)"
192.168.1.108 - - [17/Jul/2025:20:21:27 +0000] "PUT /index.html HTTP/1.1" 502 376 "Mozilla/5.0 (Windows NT 10.0; Win64; x64)"
192.168.1.109 - - [18/Jul/2025:11:50:28 +0000] "POST /login HTTP/1.1" 400 4705 "curl/7.68.0"
192.168.1.107 - - [18/Jul/2025:14:45:07 +0000] "POST /settings HTTP/1.1" 403 696 "Mozilla/5.0 (Macintosh; Intel Mac OS X 10_15_7)"
192.168.1.115 - - [18/Jul/2025:13:10:34 +0000] "GET /dashboard HTTP/1.1" 200 2397 "Mozilla/5.0 (Windows NT 10.0; Win64; x64)"
192.168.1.105 - - [18/Jul/2025:00:26:54 +0000] "GET / HTTP/1.1" 502 438 "Mozilla/5.0 (Windows NT 10.0; Win64; x64)"
192.168.1.114 - - [18/Jul/2025:03:47:25 +0000] "PUT /index.html HTTP/1.1" 301 1034 "PostmanRuntime/7.29.0"
192.168.1.115 - - [18/Jul/2025:14:39:38 +0000] "DELETE /settings HTTP/1.1" 503 3053 "Mozilla/5.0 (Linux; Android 11)"
192.168.1.108 - - [17/Jul/2025:22:54:05 +0000] "GET /settings HTTP/1.1" 204 3099 "Mozilla/5.0 (Linux; Android 11)"
192.168.1.111 - - [18/Jul/2025:01:06:40 +0000] "PUT /api/data HTTP/1.1" 404 1389 "Mozilla/5.0 (Linux; Android 11)"
192.168.1.113 - - [18/Jul/2025:13:33:41 +0000] "PUT /api/user HTTP/1.1" 503 1845 "Mozilla/5.0 (Macintosh; Intel Mac OS X 10_15_7)"
192.168.1.105 - - [17/Jul/2025:20:36:00 +0000] "DELETE /dashboard HTTP/1.1" 401 1992 "curl/7.68.0"
192.168.1.104 - - [18/Jul/2025:03:15:58 +0000] "POST /index.html HTTP/1.1" 502 2444 "Mozilla/5.0 (Macintosh; Intel Mac OS X 10_15_7)"
192.168.1.113 - - [18/Jul/2025:08:14:48 +0000] "DELETE /index.html HTTP/1.1" 204 3165 "Mozilla/5.0 (Linux; Android 11)"
192.168.1.114 - - [18/Jul/2025:12:34:58 +0000] "POST /dashboard HTTP/1.1" 301 3633 "curl/7.68.0"
192.168.1.105 - - [17/Jul/2025:19:04:29 +0000] "POST /api/data HTTP/1.1" 200 1185 "Mozilla/5.0 (Linux; Android 11)"
192.168.1.112 - - [18/Jul/2025:02:01:12 +0000] "POST /api/data HTTP/1.1" 204 4757 "Mozilla/5.0 (Linux; Android 11)"
192.168.1.113 - - [18/Jul/2025:13:51:41 +0000] "DELETE /dashboard HTTP/1.1" 401 1498 "Mozilla/5.0 (Macintosh; Intel Mac OS X 10_15_7)"
192.168.1.102 - - [18/Jul/2025:17:07:43 +0000] "POST /settings HTTP/1.1" 502 3364 "Mozilla/5.0 (Macintosh; Intel Mac OS X 10_15_7)"
192.168.1.110 - - [17/Jul/2025:19:53:50 +0000] "POST /logout HTTP/1.1" 400 3678 "Mozilla/5.0 (Windows NT 10.0; Win64; x64)"
192.168.1.108 - - [17/Jul/2025:19:51:04 +0000] "PUT /settings HTTP/1.1" 502 3679 "PostmanRuntime/7.29.0"
192.168.1.113 - - [18/Jul/2025:11:21:02 +0000] "GET /dashboard HTTP/1.1" 403 4723 "Mozilla/5.0 (Macintosh; Intel Mac OS X 10_15_7)"
192.168.1.110 - - [18/Jul/2025:11:25:05 +0000] "DELETE /index.html HTTP/1.1" 400 2528 "Mozilla/5.0 (Linux; Android 11)"
192.168.1.103 - - [17/Jul/2025:23:14:46 +0000] "GET / HTTP/1.1" 503 4017 "curl/7.68.0"
192.168.1.111 - - [18/Jul/2025:00:47:19 +0000] "POST /api/user HTTP/1.1" 200 2239 "Mozilla/5.0 (Linux; Android 11)"
192.168.1.115 - - [18/Jul/2025:02:40:06 +0000] "GET /login HTTP/1.1" 400 601 "Mozilla/5.0 (Linux; Android 11)"
192.168.1.113 - - [18/Jul/2025:00:39:55 +0000] "POST /dashboard HTTP/1.1" 403 2392 "curl/7.68.0"
192.168.1.108 - - [18/Jul/2025:07:28:15 +0000] "GET /api/data HTTP/1.1" 201 2283 "Mozilla/5.0 (Linux; Android 11)"
192.168.1.107 - - [18/Jul/2025:00:08:44 +0000] "PUT /settings HTTP/1.1" 200 2851 "Mozilla/5.0 (Windows NT 10.0; Win64; x64)"
192.168.1.106 - - [18/Jul/2025:09:25:27 +0000] "POST /api/data HTTP/1.1" 302 144 "Mozilla/5.0 (Linux; Android 11)"
192.168.1.111 - - [17/Jul/2025:23:09:33 +0000] "PUT /api/data HTTP/1.1" 400 775 "Mozilla/5.0 (Macintosh; Intel Mac OS X 10_15_7)"
192.168.1.107 - - [18/Jul/2025:10:15:02 +0000] "POST / HTTP/1.1" 200 2961 "Mozilla/5.0 (Windows NT 10.0; Win64; x64)"
192.168.1.109 - - [18/Jul/2025:02:22:01 +0000] "POST /settings HTTP/1.1" 301 4468 "curl/7.68.0"
192.168.1.110 - - [18/Jul/2025:09:14:19 +0000] "POST /settings HTTP/1.1" 403 2000 "PostmanRuntime/7.29.0"
192.168.1.105 - - [18/Jul/2025:05:56:09 +0000] "DELETE / HTTP/1.1" 502 4020 "PostmanRuntime/7.29.0"
192.168.1.101 - - [18/Jul/2025:11:00:52 +0000] "POST /logout HTTP/1.1" 500 4460 "Mozilla/5.0 (Linux; Android 11)"
192.168.1.112 - - [18/Jul/2025:16:48:40 +0000] "PUT /login HTTP/1.1" 401 4626 "Mozilla/5.0 (Linux; Android 11)"
192.168.1.107 - - [17/Jul/2025:23:35:20 +0000] "PUT /login HTTP/1.1" 500 2741 "PostmanRuntime/7.29.0"
192.168.1.109 - - [18/Jul/2025:13:05:20 +0000] "GET /dashboard HTTP/1.1" 302 2028 "PostmanRuntime/7.29.0"
192.168.1.115 - - [18/Jul/2025:01:23:08 +0000] "DELETE /api/data HTTP/1.1" 403 208 "Mozilla/5.0 (Linux; Android 11)"
192.168.1.109 - - [17/Jul/2025:21:32:50 +0000] "PUT /settings HTTP/1.1" 400 177 "Mozilla/5.0 (Windows NT 10.0; Win64; x64)"
192.168.1.115 - - [18/Jul/2025:04:49:37 +0000] "GET /logout HTTP/1.1" 401 3934 "Mozilla/5.0 (Windows NT 10.0; Win64; x64)"
192.168.1.103 - - [17/Jul/2025:18:43:08 +0000] "PUT /api/data HTTP/1.1" 204 3248 "Mozilla/5.0 (Linux; Android 11)"
192.168.1.115 - - [18/Jul/2025:05:32:34 +0000] "DELETE /api/data HTTP/1.1" 502 390 "PostmanRuntime/7.29.0"
192.168.1.109 - - [18/Jul/2025:15:18:26 +0000] "POST /dashboard HTTP/1.1" 204 295 "Mozilla/5.0 (Windows NT 10.0; Win64; x64)"
192.168.1.102 - - [18/Jul/2025:16:18:03 +0000] "DELETE /logout HTTP/1.1" 503 717 "Mozilla/5.0 (Macintosh; Intel Mac OS X 10_15_7)"
192.168.1.101 - - [18/Jul/2025:08:10:45 +0000] "PUT /index.html HTTP/1.1" 503 413 "Mozilla/5.0 (Windows NT 10.0; Win64; x64)"
192.168.1.105 - - [17/Jul/2025:17:59:25 +0000] "PUT /dashboard HTTP/1.1" 401 2145 "Mozilla/5.0 (Windows NT 10.0; Win64; x64)"
192.168.1.108 - - [17/Jul/2025:22:49:23 +0000] "POST /settings HTTP/1.1" 403 2751 "Mozilla/5.0 (Linux; Android 11)"
192.168.1.113 - - [18/Jul/2025:01:31:23 +0000] "DELETE /dashboard HTTP/1.1" 400 3084 "Mozilla/5.0 (Linux; Android 11)"
192.168.1.101 - - [18/Jul/2025:12:25:35 +0000] "PUT /logout HTTP/1.1" 502 318 "Mozilla/5.0 (Linux; Android 11)"
192.168.1.102 - - [18/Jul/2025:00:24:48 +0000] "GET /logout HTTP/1.1" 403 2917 "Mozilla/5.0 (Macintosh; Intel Mac OS X 10_15_7)"
192.168.1.115 - - [18/Jul/2025:12:10:56 +0000] "PUT /index.html HTTP/1.1" 400 4417 "Mozilla/5.0 (Windows NT 10.0; Win64; x64)"
192.168.1.109 - - [17/Jul/2025:18:24:28 +0000] "PUT /dashboard HTTP/1.1" 302 4372 "Mozilla/5.0 (Macintosh; Intel Mac OS X 10_15_7)"
192.168.1.105 - - [18/Jul/2025:09:34:45 +0000] "GET /dashboard HTTP/1.1" 503 2468 "Mozilla/5.0 (Macintosh; Intel Mac OS X 10_15_7)"
192.168.1.108 - - [17/Jul/2025:21:30:22 +0000] "POST /api/user HTTP/1.1" 301 3964 "curl/7.68.0"
192.168.1.112 - - [18/Jul/2025:05:15:08 +0000] "PUT /dashboard HTTP/1.1" 401 1305 "curl/7.68.0"
192.168.1.107 - - [18/Jul/2025:02:16:55 +0000] "GET /login HTTP/1.1" 404 2502 "Mozilla/5.0 (Macintosh; Intel Mac OS X 10_15_7)"
192.168.1.114 - - [18/Jul/2025:12:38:30 +0000] "DELETE /index.html HTTP/1.1" 302 4649 "Mozilla/5.0 (Macintosh; Intel Mac OS X 10_15_7)"
192.168.1.113 - - [18/Jul/2025:01:57:33 +0000] "GET /logout HTTP/1.1" 200 4858 "curl/7.68.0"
192.168.1.103 - - [18/Jul/2025:06:13:01 +0000] "GET /logout HTTP/1.1" 503 2804 "Mozilla/5.0 (Macintosh; Intel Mac OS X 10_15_7)"
192.168.1.105 - - [18/Jul/2025:11:56:56 +0000] "POST /api/data HTTP/1.1" 201 2813 "curl/7.68.0"
192.168.1.102 - - [18/Jul/2025:12:58:50 +0000] "PUT /settings HTTP/1.1" 200 4167 "curl/7.68.0"
192.168.1.104 - - [18/Jul/2025:06:14:59 +0000] "GET /settings HTTP/1.1" 403 696 "Mozilla/5.0 (Macintosh; Intel Mac OS X 10_15_7)"
192.168.1.110 - - [17/Jul/2025:22:48:06 +0000] "DELETE /dashboard HTTP/1.1" 403 3977 "curl/7.68.0"
192.168.1.104 - - [18/Jul/2025:16:59:09 +0000] "GET /index.html HTTP/1.1" 200 4349 "Mozilla/5.0 (Linux; Android 11)"
192.168.1.106 - - [17/Jul/2025:19:12:49 +0000] "GET / HTTP/1.1" 401 3356 "Mozilla/5.0 (Macintosh; Intel Mac OS X 10_15_7)"
192.168.1.102 - - [18/Jul/2025:06:42:23 +0000] "PUT /index.html HTTP/1.1" 403 1122 "Mozilla/5.0 (Macintosh; Intel Mac OS X 10_15_7)"
192.168.1.113 - - [18/Jul/2025:06:57:23 +0000] "GET /dashboard HTTP/1.1" 200 738 "PostmanRuntime/7.29.0"
192.168.1.106 - - [18/Jul/2025:16:30:17 +0000] "GET / HTTP/1.1" 403 3852 "Mozilla/5.0 (Windows NT 10.0; Win64; x64)"
192.168.1.108 - - [18/Jul/2025:09:33:15 +0000] "PUT /dashboard HTTP/1.1" 204 2012 "PostmanRuntime/7.29.0"
192.168.1.110 - - [18/Jul/2025:06:07:25 +0000] "PUT /logout HTTP/1.1" 201 927 "Mozilla/5.0 (Windows NT 10.0; Win64; x64)"
192.168.1.114 - - [18/Jul/2025:01:30:40 +0000] "PUT /index.html HTTP/1.1" 302 1492 "PostmanRuntime/7.29.0"
192.168.1.108 - - [17/Jul/2025:20:16:18 +0000] "PUT /dashboard HTTP/1.1" 500 2323 "curl/7.68.0"
192.168.1.101 - - [18/Jul/2025:01:53:46 +0000] "POST /login HTTP/1.1" 204 1105 "curl/7.68.0"
192.168.1.111 - - [18/Jul/2025:01:03:18 +0000] "PUT /login HTTP/1.1" 404 1138 "curl/7.68.0"
192.168.1.105 - - [18/Jul/2025:12:35:28 +0000] "DELETE / HTTP/1.1" 301 3079 "PostmanRuntime/7.29.0"
192.168.1.101 - - [18/Jul/2025:08:30:56 +0000] "DELETE /logout HTTP/1.1" 204 1939 "Mozilla/5.0 (Linux; Android 11)"
192.168.1.112 - - [17/Jul/2025:23:28:30 +0000] "DELETE /api/user HTTP/1.1" 503 4821 "Mozilla/5.0 (Macintosh; Intel Mac OS X 10_15_7)"
192.168.1.113 - - [17/Jul/2025:21:23:00 +0000] "DELETE /index.html HTTP/1.1" 502 237 "Mozilla/5.0 (Macintosh; Intel Mac OS X 10_15_7)"
192.168.1.108 - - [18/Jul/2025:02:29:22 +0000] "POST / HTTP/1.1" 500 305 "Mozilla/5.0 (Macintosh; Intel Mac OS X 10_15_7)"
192.168.1.115 - - [18/Jul/2025:11:54:00 +0000] "GET /login HTTP/1.1" 404 3978 "Mozilla/5.0 (Macintosh; Intel Mac OS X 10_15_7)"
192.168.1.112 - - [18/Jul/2025:01:05:45 +0000] "DELETE /index.html HTTP/1.1" 401 4964 "Mozilla/5.0 (Linux; Android 11)"
192.168.1.110 - - [18/Jul/2025:10:09:17 +0000] "GET /api/data HTTP/1.1" 403 1934 "PostmanRuntime/7.29.0"
192.168.1.106 - - [18/Jul/2025:10:08:31 +0000] "PUT / HTTP/1.1" 201 2058 "Mozilla/5.0 (Macintosh; Intel Mac OS X 10_15_7)"
192.168.1.111 - - [18/Jul/2025:06:07:22 +0000] "POST /api/user HTTP/1.1" 502 918 "curl/7.68.0"
192.168.1.114 - - [17/Jul/2025:18:55:06 +0000] "PUT /dashboard HTTP/1.1" 401 1471 "Mozilla/5.0 (Windows NT 10.0; Win64; x64)"
192.168.1.115 - - [18/Jul/2025:11:09:06 +0000] "DELETE /logout HTTP/1.1" 302 1955 "curl/7.68.0"
192.168.1.112 - - [18/Jul/2025:00:59:55 +0000] "DELETE /index.html HTTP/1.1" 404 1525 "Mozilla/5.0 (Linux; Android 11)"
192.168.1.101 - - [17/Jul/2025:17:48:15 +0000] "POST /login HTTP/1.1" 403 843 "Mozilla/5.0 (Linux; Android 11)"
192.168.1.115 - - [18/Jul/2025:07:47:53 +0000] "DELETE /api/data HTTP/1.1" 403 4486 "PostmanRuntime/7.29.0"
192.168.1.107 - - [18/Jul/2025:09:14:13 +0000] "GET /settings HTTP/1.1" 201 1742 "Mozilla/5.0 (Linux; Android 11)"
192.168.1.104 - - [18/Jul/2025:11:26:39 +0000] "DELETE /index.html HTTP/1.1" 500 3189 "curl/7.68.0"
192.168.1.113 - - [18/Jul/2025:09:19:10 +0000] "PUT /logout HTTP/1.1" 204 1587 "PostmanRuntime/7.29.0"
192.168.1.104 - - [17/Jul/2025:21:20:21 +0000] "DELETE /dashboard HTTP/1.1" 204 1446 "Mozilla/5.0 (Windows NT 10.0; Win64; x64)"
192.168.1.112 - - [18/Jul/2025:10:37:52 +0000] "GET / HTTP/1.1" 204 337 "Mozilla/5.0 (Macintosh; Intel Mac OS X 10_15_7)"
192.168.1.106 - - [17/Jul/2025:19:45:59 +0000] "POST /index.html HTTP/1.1" 400 3216 "Mozilla/5.0 (Macintosh; Intel Mac OS X 10_15_7)"
192.168.1.108 - - [17/Jul/2025:19:30:21 +0000] "GET /settings HTTP/1.1" 401 3959 "Mozilla/5.0 (Macintosh; Intel Mac OS X 10_15_7)"
192.168.1.109 - - [17/Jul/2025:21:24:22 +0000] "DELETE / HTTP/1.1" 502 2322 "PostmanRuntime/7.29.0"
192.168.1.111 - - [18/Jul/2025:08:14:20 +0000] "PUT /index.html HTTP/1.1" 502 4612 "Mozilla/5.0 (Macintosh; Intel Mac OS X 10_15_7)"
192.168.1.111 - - [18/Jul/2025:10:57:21 +0000] "POST / HTTP/1.1" 500 2841 "Mozilla/5.0 (Linux; Android 11)"
192.168.1.104 - - [18/Jul/2025:10:12:41 +0000] "PUT / HTTP/1.1" 302 3654 "Mozilla/5.0 (Windows NT 10.0; Win64; x64)"
192.168.1.112 - - [17/Jul/2025:22:59:34 +0000] "DELETE /dashboard HTTP/1.1" 403 3903 "Mozilla/5.0 (Linux; Android 11)"
192.168.1.104 - - [17/Jul/2025:19:50:49 +0000] "PUT /settings HTTP/1.1" 301 4665 "Mozilla/5.0 (Linux; Android 11)"
192.168.1.102 - - [18/Jul/2025:16:02:51 +0000] "GET /dashboard HTTP/1.1" 404 2139 "curl/7.68.0"
192.168.1.107 - - [18/Jul/2025:14:56:51 +0000] "PUT / HTTP/1.1" 301 2790 "Mozilla/5.0 (Linux; Android 11)"
192.168.1.113 - - [18/Jul/2025:11:55:46 +0000] "POST /logout HTTP/1.1" 401 4476 "PostmanRuntime/7.29.0"
192.168.1.105 - - [18/Jul/2025:15:11:08 +0000] "DELETE /api/data HTTP/1.1" 404 3210 "PostmanRuntime/7.29.0"
192.168.1.108 - - [18/Jul/2025:06:25:04 +0000] "PUT /logout HTTP/1.1" 500 504 "Mozilla/5.0 (Macintosh; Intel Mac OS X 10_15_7)"
192.168.1.104 - - [18/Jul/2025:05:20:18 +0000] "DELETE /index.html HTTP/1.1" 301 309 "Mozilla/5.0 (Macintosh; Intel Mac OS X 10_15_7)"
192.168.1.102 - - [18/Jul/2025:02:11:30 +0000] "DELETE /login HTTP/1.1" 401 4099 "curl/7.68.0"
192.168.1.114 - - [18/Jul/2025:17:08:49 +0000] "DELETE / HTTP/1.1" 403 4404 "Mozilla/5.0 (Macintosh; Intel Mac OS X 10_15_7)"
192.168.1.110 - - [18/Jul/2025:14:33:40 +0000] "GET / HTTP/1.1" 302 3945 "Mozilla/5.0 (Windows NT 10.0; Win64; x64)"
192.168.1.108 - - [18/Jul/2025:05:35:18 +0000] "GET / HTTP/1.1" 502 3107 "Mozilla/5.0 (Macintosh; Intel Mac OS X 10_15_7)"
192.168.1.109 - - [18/Jul/2025:10:21:45 +0000] "PUT /logout HTTP/1.1" 302 795 "curl/7.68.0"
192.168.1.110 - - [18/Jul/2025:08:18:46 +0000] "GET /login HTTP/1.1" 302 2632 "Mozilla/5.0 (Windows NT 10.0; Win64; x64)"
192.168.1.114 - - [18/Jul/2025:13:21:39 +0000] "DELETE /api/data HTTP/1.1" 200 1419 "PostmanRuntime/7.29.0"
192.168.1.104 - - [18/Jul/2025:04:27:24 +0000] "GET /index.html HTTP/1.1" 500 490 "PostmanRuntime/7.29.0"
192.168.1.112 - - [18/Jul/2025:05:00:30 +0000] "PUT /settings HTTP/1.1" 400 1139 "Mozilla/5.0 (Windows NT 10.0; Win64; x64)"
192.168.1.109 - - [18/Jul/2025:01:16:50 +0000] "DELETE /api/user HTTP/1.1" 204 1974 "Mozilla/5.0 (Windows NT 10.0; Win64; x64)"
192.168.1.106 - - [17/Jul/2025:18:16:47 +0000] "POST /settings HTTP/1.1" 500 2040 "Mozilla/5.0 (Windows NT 10.0; Win64; x64)"
