192.168.1.101 - - [17/Jul/2025:18:32:03 +0000] "GET /dashboard HTTP/1.1" 404 3361 "Mozilla/5.0 (Windows NT 10.0; Win64; x64)"
192.168.1.105 - - [18/Jul/2025:08:22:43 +0000] "DELETE /settings HTTP/1.1" 301 1650 "Mozilla/5.0 (Windows NT 10.0; Win64; x64)"
192.168.1.108 - - [17/Jul/2025:22:07:04 +0000] "GET /logout HTTP/1.1" 201 3665 "Mozilla/5.0 (Windows NT 10.0; Win64; x64)"
192.168.1.112 - - [18/Jul/2025:09:05:04 +0000] "GET / HTTP/1.1" 301 492 "Mozilla/5.0 (Linux; Android 11)"
192.168.1.115 - - [17/Jul/2025:23:13:50 +0000] "PUT /api/data HTTP/1.1" 503 4048 "Mozilla/5.0 (Macintosh; Intel Mac OS X 10_15_7)"
192.168.1.104 - - [18/Jul/2025:07:23:13 +0000] "DELETE /settings HTTP/1.1" 301 2890 "Mozilla/5.0 (Macintosh; Intel Mac OS X 10_15_7)"
192.168.1.102 - - [18/Jul/2025:16:49:30 +0000] "GET /api/user HTTP/1.1" 500 1517 "PostmanRuntime/7.29.0"
192.168.1.111 - - [18/Jul/2025:07:05:32 +0000] "PUT /settings HTTP/1.1" 502 3428 "curl/7.68.0"
192.168.1.109 - - [17/Jul/2025:18:51:22 +0000] "GET /dashboard HTTP/1.1" 302 2572 "Mozilla/5.0 (Macintosh; Intel Mac OS X 10_15_7)"
192.168.1.103 - - [17/Jul/2025:20:36:59 +0000] "POST / HTTP/1.1" 404 1875 "Mozilla/5.0 (Linux; Android 11)"
192.168.1.111 - - [18/Jul/2025:00:18:28 +0000] "DELETE /api/data HTTP/1.1" 500 3500 "curl/7.68.0"
192.168.1.110 - - [17/Jul/2025:20:36:50 +0000] "POST /api/user HTTP/1.1" 400 3795 "PostmanRuntime/7.29.0"
192.168.1.103 - - [18/Jul/2025:12:29:58 +0000] "PUT / HTTP/1.1" 500 4961 "Mozilla/5.0 (Windows NT 10.0; Win64; x64)"
192.168.1.106 - - [18/Jul/2025:04:03:24 +0000] "POST / HTTP/1.1" 403 923 "PostmanRuntime/7.29.0"
192.168.1.109 - - [17/Jul/2025:20:34:25 +0000] "DELETE /settings HTTP/1.1" 403 2027 "Mozilla/5.0 (Linux; Android 11)"
192.168.1.108 - - [17/Jul/2025:19:28:57 +0000] "POST /logout HTTP/1.1" 400 3483 "curl/7.68.0"
192.168.1.110 - - [18/Jul/2025:07:02:12 +0000] "GET /login HTTP/1.1" 301 4243 "PostmanRuntime/7.29.0"
192.168.1.109 - - [17/Jul/2025:17:52:14 +0000] "GET / HTTP/1.1" 204 2792 "Mozilla/5.0 (Windows NT 10.0; Win64; x64)"
192.168.1.110 - - [18/Jul/2025:04:26:56 +0000] "POST /logout HTTP/1.1" 201 3996 "Mozilla/5.0 (Macintosh; Intel Mac OS X 10_15_7)"
192.168.1.108 - - [18/Jul/2025:06:12:32 +0000] "POST /login HTTP/1.1" 301 4098 "Mozilla/5.0 (Macintosh; Intel Mac OS X 10_15_7)"
192.168.1.101 - - [17/Jul/2025:22:14:50 +0000] "GET /api/user HTTP/1.1" 403 564 "Mozilla/5.0 (Macintosh; Intel Mac OS X 10_15_7)"
192.168.1.104 - - [17/Jul/2025:18:44:08 +0000] "POST /logout HTTP/1.1" 400 240 "curl/7.68.0"
192.168.1.105 - - [18/Jul/2025:01:34:02 +0000] "GET /login HTTP/1.1" 403 4104 "curl/7.68.0"
192.168.1.107 - - [18/Jul/2025:03:54:45 +0000] "PUT /api/user HTTP/1.1" 502 1898 "Mozilla/5.0 (Linux; Android 11)"
192.168.1.102 - - [18/Jul/2025:03:07:37 +0000] "DELETE / HTTP/1.1" 302 1955 "PostmanRuntime/7.29.0"
192.168.1.110 - - [17/Jul/2025:18:25:00 +0000] "GET /api/user HTTP/1.1" 201 1308 "PostmanRuntime/7.29.0"
192.168.1.111 - - [18/Jul/2025:06:08:11 +0000] "POST /login HTTP/1.1" 500 2762 "Mozilla/5.0 (Macintosh; Intel Mac OS X 10_15_7)"
192.168.1.105 - - [18/Jul/2025:14:01:51 +0000] "POST /dashboard HTTP/1.1" 204 3094 "curl/7.68.0"
192.168.1.103 - - [18/Jul/2025:06:08:27 +0000] "PUT /login HTTP/1.1" 502 642 "Mozilla/5.0 (Macintosh; Intel Mac OS X 10_15_7)"
192.168.1.111 - - [18/Jul/2025:05:51:02 +0000] "PUT /index.html HTTP/1.1" 204 1633 "curl/7.68.0"
192.168.1.109 - - [18/Jul/2025:00:12:31 +0000] "GET /login HTTP/1.1" 201 1392 "curl/7.68.0"
192.168.1.111 - - [18/Jul/2025:09:29:53 +0000] "POST /api/user HTTP/1.1" 201 2730 "Mozilla/5.0 (Windows NT 10.0; Win64; x64)"
192.168.1.115 - - [18/Jul/2025:14:46:37 +0000] "DELETE /api/data HTTP/1.1" 503 554 "Mozilla/5.0 (Linux; Android 11)"
192.168.1.114 - - [18/Jul/2025:14:43:01 +0000] "DELETE /index.html HTTP/1.1" 201 1395 "Mozilla/5.0 (Macintosh; Intel Mac OS X 10_15_7)"
192.168.1.105 - - [17/Jul/2025:19:47:06 +0000] "POST /dashboard HTTP/1.1" 503 4720 "curl/7.68.0"
192.168.1.106 - - [18/Jul/2025:16:12:39 +0000] "POST /api/user HTTP/1.1" 201 3990 "PostmanRuntime/7.29.0"
192.168.1.112 - - [17/Jul/2025:23:19:13 +0000] "DELETE /index.html HTTP/1.1" 200 2252 "PostmanRuntime/7.29.0"
192.168.1.102 - - [18/Jul/2025:08:19:49 +0000] "DELETE /api/user HTTP/1.1" 400 4869 "PostmanRuntime/7.29.0"
192.168.1.114 - - [18/Jul/2025:15:37:50 +0000] "GET /logout HTTP/1.1" 401 866 "Mozilla/5.0 (Windows NT 10.0; Win64; x64)"
192.168.1.102 - - [18/Jul/2025:08:38:03 +0000] "DELETE /login HTTP/1.1" 403 3920 "Mozilla/5.0 (Macintosh; Intel Mac OS X 10_15_7)"
192.168.1.107 - - [18/Jul/2025:14:09:59 +0000] "PUT /index.html HTTP/1.1" 301 1824 "Mozilla/5.0 (Macintosh; Intel Mac OS X 10_15_7)"
192.168.1.110 - - [18/Jul/2025:16:12:34 +0000] "POST /dashboard HTTP/1.1" 400 3205 "PostmanRuntime/7.29.0"
192.168.1.106 - - [17/Jul/2025:18:04:05 +0000] "GET /logout HTTP/1.1" 401 4319 "Mozilla/5.0 (Linux; Android 11)"
192.168.1.102 - - [18/Jul/2025:09:23:48 +0000] "POST /login HTTP/1.1" 301 932 "Mozilla/5.0 (Windows NT 10.0; Win64; x64)"
192.168.1.115 - - [17/Jul/2025:20:04:06 +0000] "PUT /api/data HTTP/1.1" 301 938 "Mozilla/5.0 (Linux; Android 11)"
192.168.1.112 - - [17/Jul/2025:21:21:27 +0000] "DELETE /api/user HTTP/1.1" 400 2841 "PostmanRuntime/7.29.0"
192.168.1.101 - - [18/Jul/2025:05:31:48 +0000] "DELETE /login HTTP/1.1" 502 3529 "PostmanRuntime/7.29.0"
192.168.1.106 - - [18/Jul/2025:16:41:58 +0000] "PUT /api/user HTTP/1.1" 302 2873 "Mozilla/5.0 (Macintosh; Intel Mac OS X 10_15_7)"
192.168.1.112 - - [18/Jul/2025:12:26:40 +0000] "PUT /api/user HTTP/1.1" 404 4146 "Mozilla/5.0 (Macintosh; Intel Mac OS X 10_15_7)"
192.168.1.114 - - [18/Jul/2025:04:55:14 +0000] "GET /api/user HTTP/1.1" 404 2217 "PostmanRuntime/7.29.0"
192.168.1.105 - - [18/Jul/2025:09:45:38 +0000] "PUT /dashboard HTTP/1.1" 403 2187 "Mozilla/5.0 (Macintosh; Intel Mac OS X 10_15_7)"
192.168.1.109 - - [17/Jul/2025:21:39:28 +0000] "DELETE /login HTTP/1.1" 401 1520 "Mozilla/5.0 (Linux; Android 11)"
192.168.1.115 - - [18/Jul/2025:03:24:06 +0000] "DELETE /api/data HTTP/1.1" 400 447 "curl/7.68.0"
192.168.1.108 - - [18/Jul/2025:10:57:07 +0000] "POST /dashboard HTTP/1.1" 401 4913 "Mozilla/5.0 (Macintosh; Intel Mac OS X 10_15_7)"
192.168.1.111 - - [17/Jul/2025:23:14:45 +0000] "POST /api/user HTTP/1.1" 204 3797 "Mozilla/5.0 (Linux; Android 11)"
192.168.1.112 - - [18/Jul/2025:09:33:04 +0000] "PUT /dashboard HTTP/1.1" 401 1393 "Mozilla/5.0 (Macintosh; Intel Mac OS X 10_15_7)"
192.168.1.111 - - [18/Jul/2025:11:17:30 +0000] "GET /dashboard HTTP/1.1" 400 2018 "Mozilla/5.0 (Linux; Android 11)"
192.168.1.103 - - [18/Jul/2025:08:33:01 +0000] "PUT /login HTTP/1.1" 500 2757 "curl/7.68.0"
192.168.1.106 - - [18/Jul/2025:11:03:10 +0000] "PUT /logout HTTP/1.1" 400 283 "Mozilla/5.0 (Windows NT 10.0; Win64; x64)"
192.168.1.115 - - [18/Jul/2025:02:33:57 +0000] "DELETE /api/user HTTP/1.1" 403 1858 "Mozilla/5.0 (Macintosh; Intel Mac OS X 10_15_7)"
192.168.1.102 - - [18/Jul/2025:07:08:44 +0000] "GET /logout HTTP/1.1" 400 1767 "PostmanRuntime/7.29.0"
192.168.1.111 - - [18/Jul/2025:04:17:57 +0000] "POST /logout HTTP/1.1" 403 3539 "PostmanRuntime/7.29.0"
192.168.1.104 - - [18/Jul/2025:09:07:53 +0000] "GET /api/data HTTP/1.1" 502 534 "curl/7.68.0"
192.168.1.105 - - [18/Jul/2025:01:30:55 +0000] "POST /api/user HTTP/1.1" 502 2035 "Mozilla/5.0 (Linux; Android 11)"
192.168.1.109 - - [17/Jul/2025:23:26:20 +0000] "POST /api/user HTTP/1.1" 401 1277 "PostmanRuntime/7.29.0"
192.168.1.113 - - [18/Jul/2025:06:18:05 +0000] "POST /logout HTTP/1.1" 200 1506 "PostmanRuntime/7.29.0"
192.168.1.115 - - [18/Jul/2025:09:54:11 +0000] "GET /dashboard HTTP/1.1" 401 103 "Mozilla/5.0 (Linux; Android 11)"
192.168.1.105 - - [18/Jul/2025:01:24:04 +0000] "PUT /api/data HTTP/1.1" 500 3477 "curl/7.68.0"
192.168.1.101 - - [17/Jul/2025:20:56:44 +0000] "PUT /api/data HTTP/1.1" 301 149 "PostmanRuntime/7.29.0"
192.168.1.101 - - [18/Jul/2025:11:49:10 +0000] "POST / HTTP/1.1" 301 4369 "Mozilla/5.0 (Linux; Android 11)"
192.168.1.110 - - [18/Jul/2025:03:35:14 +0000] "POST /login HTTP/1.1" 403 406 "PostmanRuntime/7.29.0"
192.168.1.101 - - [18/Jul/2025:14:13:36 +0000] "PUT /login HTTP/1.1" 500 4968 "Mozilla/5.0 (Linux; Android 11)"
192.168.1.115 - - [18/Jul/2025:01:17:10 +0000] "PUT /logout HTTP/1.1" 302 3231 "PostmanRuntime/7.29.0"
192.168.1.114 - - [18/Jul/2025:02:13:57 +0000] "GET / HTTP/1.1" 400 1032 "curl/7.68.0"
192.168.1.102 - - [17/Jul/2025:20:58:38 +0000] "PUT /index.html HTTP/1.1" 302 920 "Mozilla/5.0 (Macintosh; Intel Mac OS X 10_15_7)"
192.168.1.105 - - [18/Jul/2025:08:20:34 +0000] "PUT /login HTTP/1.1" 500 3431 "Mozilla/5.0 (Linux; Android 11)"
192.168.1.107 - - [18/Jul/2025:07:10:25 +0000] "POST /index.html HTTP/1.1" 502 2765 "Mozilla/5.0 (Windows NT 10.0; Win64; x64)"
192.168.1.113 - - [17/Jul/2025:22:47:22 +0000] "POST /dashboard HTTP/1.1" 403 1027 "PostmanRuntime/7.29.0"
192.168.1.115 - - [17/Jul/2025:22:31:28 +0000] "DELETE /api/user HTTP/1.1" 301 4422 "Mozilla/5.0 (Windows NT 10.0; Win64; x64)"
192.168.1.104 - - [17/Jul/2025:21:27:11 +0000] "PUT /login HTTP/1.1" 401 1237 "PostmanRuntime/7.29.0"
192.168.1.103 - - [17/Jul/2025:18:25:43 +0000] "POST /login HTTP/1.1" 302 4772 "PostmanRuntime/7.29.0"
192.168.1.115 - - [17/Jul/2025:18:46:23 +0000] "POST /api/data HTTP/1.1" 204 3565 "Mozilla/5.0 (Macintosh; Intel Mac OS X 10_15_7)"
192.168.1.102 - - [17/Jul/2025:20:02:17 +0000] "GET /logout HTTP/1.1" 301 1420 "Mozilla/5.0 (Windows NT 10.0; Win64; x64)"
192.168.1.106 - - [17/Jul/2025:23:58:10 +0000] "DELETE /login HTTP/1.1" 401 4187 "Mozilla/5.0 (Windows NT 10.0; Win64; x64)"
192.168.1.115 - - [17/Jul/2025:20:35:22 +0000] "DELETE / HTTP/1.1" 403 3841 "Mozilla/5.0 (Windows NT 10.0; Win64; x64)"
192.168.1.113 - - [18/Jul/2025:12:40:26 +0000] "POST /settings HTTP/1.1" 400 1317 "curl/7.68.0"
192.168.1.113 - - [18/Jul/2025:00:50:03 +0000] "PUT / HTTP/1.1" 400 2622 "Mozilla/5.0 (Linux; Android 11)"
192.168.1.113 - - [18/Jul/2025:03:54:22 +0000] "GET / HTTP/1.1" 200 915 "Mozilla/5.0 (Macintosh; Intel Mac OS X 10_15_7)"
192.168.1.115 - - [17/Jul/2025:22:26:13 +0000] "GET /api/data HTTP/1.1" 401 2421 "PostmanRuntime/7.29.0"
192.168.1.113 - - [18/Jul/2025:11:45:03 +0000] "PUT /dashboard HTTP/1.1" 301 2888 "Mozilla/5.0 (Linux; Android 11)"
192.168.1.112 - - [17/Jul/2025:23:29:12 +0000] "PUT /dashboard HTTP/1.1" 201 792 "PostmanRuntime/7.29.0"
192.168.1.109 - - [18/Jul/2025:00:28:39 +0000] "DELETE /dashboard HTTP/1.1" 204 1208 "PostmanRuntime/7.29.0"
192.168.1.113 - - [18/Jul/2025:14:27:49 +0000] "DELETE /login HTTP/1.1" 400 2896 "PostmanRuntime/7.29.0"
192.168.1.112 - - [18/Jul/2025:03:12:14 +0000] "POST /index.html HTTP/1.1" 200 4963 "curl/7.68.0"
192.168.1.103 - - [18/Jul/2025:02:24:24 +0000] "GET /dashboard HTTP/1.1" 500 4844 "Mozilla/5.0 (Windows NT 10.0; Win64; x64)"
192.168.1.110 - - [18/Jul/2025:14:23:30 +0000] "DELETE /api/user HTTP/1.1" 404 3861 "PostmanRuntime/7.29.0"
192.168.1.111 - - [18/Jul/2025:01:05:36 +0000] "DELETE /logout HTTP/1.1" 302 527 "Mozilla/5.0 (Macintosh; Intel Mac OS X 10_15_7)"
192.168.1.110 - - [17/Jul/2025:22:08:26 +0000] "PUT / HTTP/1.1" 302 3231 "Mozilla/5.0 (Windows NT 10.0; Win64; x64)"
192.168.1.104 - - [17/Jul/2025:23:04:50 +0000] "DELETE /logout HTTP/1.1" 400 2805 "Mozilla/5.0 (Windows NT 10.0; Win64; x64)"
192.168.1.107 - - [18/Jul/2025:14:45:38 +0000] "GET /api/data HTTP/1.1" 201 4464 "Mozilla/5.0 (Windows NT 10.0; Win64; x64)"
192.168.1.103 - - [17/Jul/2025:17:20:56 +0000] "PUT /api/data HTTP/1.1" 200 3721 "PostmanRuntime/7.29.0"
192.168.1.107 - - [17/Jul/2025:23:07:16 +0000] "DELETE /dashboard HTTP/1.1" 301 537 "Mozilla/5.0 (Windows NT 10.0; Win64; x64)"
192.168.1.101 - - [18/Jul/2025:00:32:09 +0000] "DELETE /settings HTTP/1.1" 301 3130 "curl/7.68.0"
192.168.1.101 - - [17/Jul/2025:23:54:40 +0000] "PUT /settings HTTP/1.1" 502 3937 "Mozilla/5.0 (Macintosh; Intel Mac OS X 10_15_7)"
192.168.1.104 - - [18/Jul/2025:00:36:29 +0000] "PUT /login HTTP/1.1" 500 2472 "Mozilla/5.0 (Macintosh; Intel Mac OS X 10_15_7)"
192.168.1.105 - - [17/Jul/2025:19:46:01 +0000] "POST /api/data HTTP/1.1" 400 314 "PostmanRuntime/7.29.0"
192.168.1.105 - - [18/Jul/2025:06:06:43 +0000] "GET /api/data HTTP/1.1" 401 1631 "Mozilla/5.0 (Windows NT 10.0; Win64; x64)"
192.168.1.108 - - [18/Jul/2025:16:08:44 +0000] "GET /logout HTTP/1.1" 302 1394 "Mozilla/5.0 (Linux; Android 11)"
192.168.1.103 - - [18/Jul/2025:16:21:35 +0000] "GET /api/user HTTP/1.1" 401 1353 "PostmanRuntime/7.29.0"
192.168.1.102 - - [18/Jul/2025:13:13:32 +0000] "DELETE /api/data HTTP/1.1" 201 1743 "PostmanRuntime/7.29.0"
192.168.1.107 - - [18/Jul/2025:06:32:42 +0000] "PUT /api/user HTTP/1.1" 204 3982 "Mozilla/5.0 (Windows NT 10.0; Win64; x64)"
192.168.1.110 - - [17/Jul/2025:23:52:56 +0000] "POST /logout HTTP/1.1" 401 3885 "Mozilla/5.0 (Linux; Android 11)"
192.168.1.113 - - [17/Jul/2025:20:41:25 +0000] "PUT /api/user HTTP/1.1" 403 1230 "Mozilla/5.0 (Linux; Android 11)"
192.168.1.110 - - [17/Jul/2025:22:24:54 +0000] "DELETE /logout HTTP/1.1" 502 1767 "Mozilla/5.0 (Macintosh; Intel Mac OS X 10_15_7)"
192.168.1.112 - - [18/Jul/2025:04:43:49 +0000] "POST /api/data HTTP/1.1" 302 4813 "PostmanRuntime/7.29.0"
192.168.1.110 - - [18/Jul/2025:09:43:43 +0000] "POST /api/user HTTP/1.1" 503 2337 "PostmanRuntime/7.29.0"
192.168.1.106 - - [17/Jul/2025:21:14:17 +0000] "PUT /logout HTTP/1.1" 400 2087 "Mozilla/5.0 (Macintosh; Intel Mac OS X 10_15_7)"
192.168.1.105 - - [17/Jul/2025:21:33:50 +0000] "PUT /api/data HTTP/1.1" 301 4711 "Mozilla/5.0 (Linux; Android 11)"
192.168.1.113 - - [18/Jul/2025:06:23:23 +0000] "PUT /api/user HTTP/1.1" 502 3133 "curl/7.68.0"
192.168.1.104 - - [17/Jul/2025:22:09:27 +0000] "GET /dashboard HTTP/1.1" 401 612 "Mozilla/5.0 (Macintosh; Intel Mac OS X 10_15_7)"
192.168.1.105 - - [18/Jul/2025:03:19:41 +0000] "PUT /index.html HTTP/1.1" 404 1963 "Mozilla/5.0 (Macintosh; Intel Mac OS X 10_15_7)"
192.168.1.101 - - [17/Jul/2025:17:37:13 +0000] "GET /api/user HTTP/1.1" 200 1807 "PostmanRuntime/7.29.0"
192.168.1.112 - - [17/Jul/2025:19:16:54 +0000] "POST /settings HTTP/1.1" 401 1088 "curl/7.68.0"
192.168.1.102 - - [17/Jul/2025:21:16:26 +0000] "POST /settings HTTP/1.1" 200 1472 "curl/7.68.0"
192.168.1.103 - - [17/Jul/2025:18:24:07 +0000] "GET / HTTP/1.1" 401 4413 "Mozilla/5.0 (Linux; Android 11)"
192.168.1.104 - - [18/Jul/2025:07:07:06 +0000] "DELETE /api/user HTTP/1.1" 502 4258 "Mozilla/5.0 (Windows NT 10.0; Win64; x64)"
192.168.1.102 - - [18/Jul/2025:03:01:19 +0000] "PUT /dashboard HTTP/1.1" 404 2334 "curl/7.68.0"
192.168.1.101 - - [18/Jul/2025:04:42:25 +0000] "DELETE /settings HTTP/1.1" 403 4791 "curl/7.68.0"
192.168.1.101 - - [17/Jul/2025:20:09:39 +0000] "DELETE /dashboard HTTP/1.1" 200 2269 "Mozilla/5.0 (Linux; Android 11)"
192.168.1.106 - - [17/Jul/2025:21:25:45 +0000] "GET /index.html HTTP/1.1" 201 3030 "curl/7.68.0"
192.168.1.104 - - [18/Jul/2025:03:16:33 +0000] "PUT /login HTTP/1.1" 404 3792 "Mozilla/5.0 (Linux; Android 11)"
192.168.1.108 - - [17/Jul/2025:18:01:54 +0000] "DELETE / HTTP/1.1" 500 4798 "Mozilla/5.0 (Linux; Android 11)"
192.168.1.113 - - [18/Jul/2025:08:59:54 +0000] "DELETE /api/data HTTP/1.1" 302 4457 "Mozilla/5.0 (Macintosh; Intel Mac OS X 10_15_7)"
192.168.1.105 - - [18/Jul/2025:14:23:26 +0000] "DELETE / HTTP/1.1" 502 4066 "PostmanRuntime/7.29.0"
192.168.1.102 - - [18/Jul/2025:14:50:46 +0000] "GET /login HTTP/1.1" 200 1105 "Mozilla/5.0 (Windows NT 10.0; Win64; x64)"
192.168.1.112 - - [18/Jul/2025:10:42:52 +0000] "GET / HTTP/1.1" 404 979 "Mozilla/5.0 (Windows NT 10.0; Win64; x64)"
192.168.1.101 - - [18/Jul/2025:13:22:37 +0000] "DELETE /settings HTTP/1.1" 401 3175 "Mozilla/5.0 (Macintosh; Intel Mac OS X 10_15_7)"
192.168.1.102 - - [17/Jul/2025:19:45:57 +0000] "PUT / HTTP/1.1" 403 111 "PostmanRuntime/7.29.0"
192.168.1.114 - - [17/Jul/2025:18:47:57 +0000] "GET /settings HTTP/1.1" 302 4713 "Mozilla/5.0 (Linux; Android 11)"
192.168.1.107 - - [18/Jul/2025:10:01:33 +0000] "DELETE /settings HTTP/1.1" 201 110 "Mozilla/5.0 (Windows NT 10.0; Win64; x64)"
192.168.1.103 - - [17/Jul/2025:18:53:21 +0000] "PUT /login HTTP/1.1" 502 2676 "Mozilla/5.0 (Linux; Android 11)"
192.168.1.101 - - [18/Jul/2025:06:36:13 +0000] "DELETE /logout HTTP/1.1" 201 389 "Mozilla/5.0 (Macintosh; Intel Mac OS X 10_15_7)"
192.168.1.110 - - [18/Jul/2025:08:35:51 +0000] "GET /login HTTP/1.1" 200 4535 "Mozilla/5.0 (Windows NT 10.0; Win64; x64)"
192.168.1.105 - - [17/Jul/2025:22:53:28 +0000] "DELETE / HTTP/1.1" 503 2746 "Mozilla/5.0 (Linux; Android 11)"
192.168.1.102 - - [18/Jul/2025:04:50:51 +0000] "GET /index.html HTTP/1.1" 403 1772 "Mozilla/5.0 (Macintosh; Intel Mac OS X 10_15_7)"
192.168.1.112 - - [18/Jul/2025:03:20:33 +0000] "DELETE /api/data HTTP/1.1" 502 3123 "PostmanRuntime/7.29.0"
192.168.1.105 - - [18/Jul/2025:06:05:46 +0000] "PUT /settings HTTP/1.1" 502 2843 "Mozilla/5.0 (Windows NT 10.0; Win64; x64)"
192.168.1.114 - - [17/Jul/2025:21:37:01 +0000] "DELETE /login HTTP/1.1" 404 423 "Mozilla/5.0 (Linux; Android 11)"
192.168.1.105 - - [18/Jul/2025:14:38:03 +0000] "DELETE /login HTTP/1.1" 500 1128 "Mozilla/5.0 (Macintosh; Intel Mac OS X 10_15_7)"
192.168.1.112 - - [18/Jul/2025:03:26:13 +0000] "GET /api/user HTTP/1.1" 302 2192 "Mozilla/5.0 (Windows NT 10.0; Win64; x64)"
192.168.1.112 - - [18/Jul/2025:06:25:48 +0000] "PUT /login HTTP/1.1" 200 2751 "Mozilla/5.0 (Windows NT 10.0; Win64; x64)"
192.168.1.108 - - [18/Jul/2025:14:47:00 +0000] "DELETE / HTTP/1.1" 201 1511 "Mozilla/5.0 (Windows NT 10.0; Win64; x64)"
192.168.1.113 - - [18/Jul/2025:13:49:14 +0000] "GET /api/user HTTP/1.1" 204 1439 "PostmanRuntime/7.29.0"
192.168.1.101 - - [17/Jul/2025:23:24:41 +0000] "PUT /settings HTTP/1.1" 404 3506 "PostmanRuntime/7.29.0"
192.168.1.106 - - [18/Jul/2025:01:56:48 +0000] "GET / HTTP/1.1" 502 4648 "curl/7.68.0"
192.168.1.104 - - [18/Jul/2025:13:53:39 +0000] "DELETE / HTTP/1.1" 200 840 "Mozilla/5.0 (Windows NT 10.0; Win64; x64)"
192.168.1.114 - - [18/Jul/2025:14:53:34 +0000] "POST / HTTP/1.1" 301 1594 "PostmanRuntime/7.29.0"
192.168.1.109 - - [18/Jul/2025:14:46:16 +0000] "GET /index.html HTTP/1.1" 302 4605 "Mozilla/5.0 (Linux; Android 11)"
192.168.1.109 - - [18/Jul/2025:08:18:33 +0000] "GET /login HTTP/1.1" 403 728 "Mozilla/5.0 (Linux; Android 11)"
192.168.1.108 - - [18/Jul/2025:15:49:34 +0000] "POST /index.html HTTP/1.1" 200 343 "Mozilla/5.0 (Windows NT 10.0; Win64; x64)"
192.168.1.103 - - [18/Jul/2025:09:15:11 +0000] "PUT /logout HTTP/1.1" 200 2485 "Mozilla/5.0 (Windows NT 10.0; Win64; x64)"
192.168.1.106 - - [18/Jul/2025:04:42:47 +0000] "DELETE /login HTTP/1.1" 401 2375 "Mozilla/5.0 (Windows NT 10.0; Win64; x64)"
192.168.1.111 - - [17/Jul/2025:23:39:01 +0000] "GET / HTTP/1.1" 404 1049 "curl/7.68.0"
192.168.1.115 - - [18/Jul/2025:16:46:12 +0000] "POST /logout HTTP/1.1" 500 1477 "Mozilla/5.0 (Windows NT 10.0; Win64; x64)"
192.168.1.103 - - [17/Jul/2025:18:11:00 +0000] "POST / HTTP/1.1" 404 3375 "PostmanRuntime/7.29.0"
192.168.1.108 - - [18/Jul/2025:15:29:04 +0000] "PUT /index.html HTTP/1.1" 503 2326 "Mozilla/5.0 (Windows NT 10.0; Win64; x64)"
192.168.1.106 - - [18/Jul/2025:07:31:05 +0000] "PUT /logout HTTP/1.1" 503 2727 "Mozilla/5.0 (Windows NT 10.0; Win64; x64)"
192.168.1.103 - - [17/Jul/2025:23:26:29 +0000] "PUT /logout HTTP/1.1" 401 2441 "Mozilla/5.0 (Linux; Android 11)"
192.168.1.114 - - [18/Jul/2025:05:01:29 +0000] "PUT / HTTP/1.1" 502 4912 "Mozilla/5.0 (Macintosh; Intel Mac OS X 10_15_7)"
192.168.1.105 - - [18/Jul/2025:08:57:28 +0000] "PUT /logout HTTP/1.1" 204 2467 "Mozilla/5.0 (Macintosh; Intel Mac OS X 10_15_7)"
192.168.1.113 - - [18/Jul/2025:15:28:15 +0000] "GET /login HTTP/1.1" 403 661 "Mozilla/5.0 (Windows NT 10.0; Win64; x64)"
192.168.1.103 - - [18/Jul/2025:00:45:38 +0000] "DELETE /api/user HTTP/1.1" 500 3303 "PostmanRuntime/7.29.0"
192.168.1.108 - - [17/Jul/2025:19:31:21 +0000] "POST /api/user HTTP/1.1" 200 1253 "Mozilla/5.0 (Macintosh; Intel Mac OS X 10_15_7)"
192.168.1.103 - - [18/Jul/2025:10:20:32 +0000] "POST /index.html HTTP/1.1" 503 719 "Mozilla/5.0 (Windows NT 10.0; Win64; x64)"
192.168.1.102 - - [18/Jul/2025:01:47:14 +0000] "POST /api/data HTTP/1.1" 401 3914 "Mozilla/5.0 (Macintosh; Intel Mac OS X 10_15_7)"
192.168.1.107 - - [17/Jul/2025:20:19:37 +0000] "PUT /settings HTTP/1.1" 302 3604 "PostmanRuntime/7.29.0"
192.168.1.104 - - [17/Jul/2025:22:06:22 +0000] "POST /dashboard HTTP/1.1" 204 2308 "Mozilla/5.0 (Windows NT 10.0; Win64; x64)"
192.168.1.114 - - [17/Jul/2025:18:29:29 +0000] "GET /api/data HTTP/1.1" 503 3683 "Mozilla/5.0 (Linux; Android 11)"
192.168.1.102 - - [18/Jul/2025:14:27:36 +0000] "GET /settings HTTP/1.1" 404 4806 "Mozilla/5.0 (Linux; Android 11)"
192.168.1.112 - - [17/Jul/2025:21:22:09 +0000] "PUT /login HTTP/1.1" 204 4591 "Mozilla/5.0 (Windows NT 10.0; Win64; x64)"
192.168.1.112 - - [17/Jul/2025:18:32:37 +0000] "GET /dashboard HTTP/1.1" 301 2219 "curl/7.68.0"
192.168.1.104 - - [18/Jul/2025:12:02:24 +0000] "GET /settings HTTP/1.1" 200 4783 "curl/7.68.0"
192.168.1.108 - - [17/Jul/2025:21:21:16 +0000] "POST /dashboard HTTP/1.1" 200 341 "Mozilla/5.0 (Linux; Android 11)"
192.168.1.101 - - [18/Jul/2025:00:56:10 +0000] "POST /api/data HTTP/1.1" 301 1281 "PostmanRuntime/7.29.0"
192.168.1.111 - - [18/Jul/2025:14:54:27 +0000] "DELETE /login HTTP/1.1" 200 1293 "Mozilla/5.0 (Macintosh; Intel Mac OS X 10_15_7)"
192.168.1.113 - - [18/Jul/2025:08:30:46 +0000] "GET /index.html HTTP/1.1" 500 3642 "Mozilla/5.0 (Linux; Android 11)"
192.168.1.104 - - [17/Jul/2025:20:44:06 +0000] "PUT /api/user HTTP/1.1" 200 4680 "Mozilla/5.0 (Windows NT 10.0; Win64; x64)"
192.168.1.111 - - [18/Jul/2025:09:06:10 +0000] "POST /dashboard HTTP/1.1" 401 4907 "curl/7.68.0"
192.168.1.110 - - [18/Jul/2025:16:57:07 +0000] "DELETE /api/user HTTP/1.1" 301 2996 "Mozilla/5.0 (Windows NT 10.0; Win64; x64)"
192.168.1.105 - - [17/Jul/2025:18:28:42 +0000] "DELETE /api/data HTTP/1.1" 400 2556 "Mozilla/5.0 (Windows NT 10.0; Win64; x64)"
192.168.1.102 - - [18/Jul/2025:16:10:25 +0000] "DELETE /settings HTTP/1.1" 502 3896 "Mozilla/5.0 (Windows NT 10.0; Win64; x64)"
192.168.1.112 - - [18/Jul/2025:01:12:18 +0000] "DELETE / HTTP/1.1" 301 2813 "PostmanRuntime/7.29.0"
192.168.1.103 - - [18/Jul/2025:14:45:02 +0000] "PUT / HTTP/1.1" 503 298 "Mozilla/5.0 (Linux; Android 11)"
192.168.1.106 - - [17/Jul/2025:18:25:32 +0000] "PUT /logout HTTP/1.1" 302 1998 "Mozilla/5.0 (Windows NT 10.0; Win64; x64)"
192.168.1.105 - - [17/Jul/2025:22:23:59 +0000] "GET / HTTP/1.1" 401 2998 "curl/7.68.0"
192.168.1.104 - - [18/Jul/2025:01:34:57 +0000] "PUT /login HTTP/1.1" 400 4379 "Mozilla/5.0 (Windows NT 10.0; Win64; x64)"
192.168.1.115 - - [18/Jul/2025:06:10:45 +0000] "PUT /dashboard HTTP/1.1" 401 1825 "PostmanRuntime/7.29.0"
192.168.1.108 - - [18/Jul/2025:15:43:59 +0000] "DELETE /login HTTP/1.1" 200 4064 "Mozilla/5.0 (Macintosh; Intel Mac OS X 10_15_7)"
192.168.1.108 - - [18/Jul/2025:09:05:54 +0000] "GET /api/user HTTP/1.1" 302 3320 "Mozilla/5.0 (Linux; Android 11)"
192.168.1.109 - - [18/Jul/2025:11:11:35 +0000] "POST /dashboard HTTP/1.1" 302 2676 "Mozilla/5.0 (Macintosh; Intel Mac OS X 10_15_7)"
192.168.1.101 - - [18/Jul/2025:07:55:13 +0000] "DELETE /api/data HTTP/1.1" 400 2734 "PostmanRuntime/7.29.0"
192.168.1.104 - - [17/Jul/2025:17:21:08 +0000] "POST /logout HTTP/1.1" 204 2802 "curl/7.68.0"
192.168.1.111 - - [18/Jul/2025:03:52:15 +0000] "DELETE /settings HTTP/1.1" 404 2711 "Mozilla/5.0 (Linux; Android 11)"
192.168.1.113 - - [18/Jul/2025:09:24:27 +0000] "POST /dashboard HTTP/1.1" 302 1240 "curl/7.68.0"
192.168.1.115 - - [18/Jul/2025:13:27:25 +0000] "POST /settings HTTP/1.1" 301 2029 "Mozilla/5.0 (Macintosh; Intel Mac OS X 10_15_7)"
192.168.1.113 - - [18/Jul/2025:11:37:01 +0000] "POST /api/data HTTP/1.1" 403 662 "Mozilla/5.0 (Linux; Android 11)"
192.168.1.104 - - [18/Jul/2025:00:58:23 +0000] "POST /api/user HTTP/1.1" 401 2073 "PostmanRuntime/7.29.0"
192.168.1.108 - - [18/Jul/2025:16:46:44 +0000] "DELETE /api/user HTTP/1.1" 400 3449 "Mozilla/5.0 (Macintosh; Intel Mac OS X 10_15_7)"
192.168.1.108 - - [17/Jul/2025:23:44:05 +0000] "DELETE /index.html HTTP/1.1" 404 3457 "curl/7.68.0"
192.168.1.110 - - [17/Jul/2025:22:12:25 +0000] "PUT / HTTP/1.1" 204 2329 "curl/7.68.0"
192.168.1.109 - - [17/Jul/2025:21:11:12 +0000] "GET /login HTTP/1.1" 302 1635 "PostmanRuntime/7.29.0"
192.168.1.112 - - [18/Jul/2025:16:40:02 +0000] "GET /settings HTTP/1.1" 200 763 "Mozilla/5.0 (Windows NT 10.0; Win64; x64)"
192.168.1.104 - - [18/Jul/2025:06:02:41 +0000] "PUT /login HTTP/1.1" 204 1587 "PostmanRuntime/7.29.0"
192.168.1.104 - - [17/Jul/2025:22:10:04 +0000] "POST /api/user HTTP/1.1" 302 3412 "Mozilla/5.0 (Windows NT 10.0; Win64; x64)"
192.168.1.115 - - [18/Jul/2025:08:16:19 +0000] "GET /settings HTTP/1.1" 502 1859 "PostmanRuntime/7.29.0"
192.168.1.101 - - [17/Jul/2025:23:42:23 +0000] "DELETE /login HTTP/1.1" 403 1917 "Mozilla/5.0 (Macintosh; Intel Mac OS X 10_15_7)"
192.168.1.103 - - [17/Jul/2025:20:37:19 +0000] "GET /api/user HTTP/1.1" 500 2241 "curl/7.68.0"
192.168.1.111 - - [18/Jul/2025:02:27:10 +0000] "PUT /logout HTTP/1.1" 503 111 "PostmanRuntime/7.29.0"
192.168.1.114 - - [18/Jul/2025:02:22:58 +0000] "PUT /api/data HTTP/1.1" 201 1138 "Mozilla/5.0 (Windows NT 10.0; Win64; x64)"
192.168.1.114 - - [17/Jul/2025:20:18:40 +0000] "PUT /dashboard HTTP/1.1" 301 606 "Mozilla/5.0 (Windows NT 10.0; Win64; x64)"
192.168.1.112 - - [17/Jul/2025:21:58:46 +0000] "GET /login HTTP/1.1" 200 266 "Mozilla/5.0 (Linux; Android 11)"
192.168.1.101 - - [18/Jul/2025:05:13:40 +0000] "POST /settings HTTP/1.1" 503 4352 "Mozilla/5.0 (Windows NT 10.0; Win64; x64)"
192.168.1.101 - - [18/Jul/2025:08:45:03 +0000] "POST /api/data HTTP/1.1" 502 3141 "curl/7.68.0"
192.168.1.104 - - [18/Jul/2025:14:06:07 +0000] "DELETE /logout HTTP/1.1" 204 2536 "curl/7.68.0"
192.168.1.107 - - [18/Jul/2025:00:06:59 +0000] "GET /logout HTTP/1.1" 403 1676 "curl/7.68.0"
192.168.1.104 - - [18/Jul/2025:07:44:07 +0000] "DELETE /settings HTTP/1.1" 400 1436 "Mozilla/5.0 (Linux; Android 11)"
192.168.1.103 - - [18/Jul/2025:12:53:21 +0000] "GET /api/user HTTP/1.1" 200 4965 "PostmanRuntime/7.29.0"
192.168.1.104 - - [18/Jul/2025:17:17:51 +0000] "GET / HTTP/1.1" 403 1391 "curl/7.68.0"
192.168.1.107 - - [17/Jul/2025:22:02:09 +0000] "GET /settings HTTP/1.1" 301 1278 "Mozilla/5.0 (Windows NT 10.0; Win64; x64)"
192.168.1.104 - - [18/Jul/2025:11:17:04 +0000] "POST /logout HTTP/1.1" 204 247 "PostmanRuntime/7.29.0"
192.168.1.109 - - [18/Jul/2025:06:10:37 +0000] "POST /api/user HTTP/1.1" 302 172 "Mozilla/5.0 (Macintosh; Intel Mac OS X 10_15_7)"
192.168.1.115 - - [18/Jul/2025:03:22:22 +0000] "GET /login HTTP/1.1" 400 1905 "Mozilla/5.0 (Linux; Android 11)"
192.168.1.114 - - [18/Jul/2025:04:00:28 +0000] "POST /login HTTP/1.1" 503 2931 "Mozilla/5.0 (Linux; Android 11)"
192.168.1.105 - - [18/Jul/2025:04:03:01 +0000] "PUT /api/user HTTP/1.1" 204 1950 "curl/7.68.0"
192.168.1.112 - - [18/Jul/2025:12:05:52 +0000] "DELETE /logout HTTP/1.1" 204 4948 "Mozilla/5.0 (Windows NT 10.0; Win64; x64)"
192.168.1.113 - - [17/Jul/2025:18:51:13 +0000] "GET /login HTTP/1.1" 201 335 "Mozilla/5.0 (Windows NT 10.0; Win64; x64)"
192.168.1.111 - - [18/Jul/2025:13:48:40 +0000] "PUT /logout HTTP/1.1" 401 796 "Mozilla/5.0 (Linux; Android 11)"
192.168.1.105 - - [17/Jul/2025:19:22:12 +0000] "POST /settings HTTP/1.1" 400 4893 "Mozilla/5.0 (Macintosh; Intel Mac OS X 10_15_7)"
192.168.1.101 - - [17/Jul/2025:22:33:44 +0000] "GET /settings HTTP/1.1" 404 1911 "Mozilla/5.0 (Linux; Android 11)"
192.168.1.114 - - [18/Jul/2025:09:13:19 +0000] "PUT /login HTTP/1.1" 500 185 "PostmanRuntime/7.29.0"
192.168.1.102 - - [18/Jul/2025:08:09:21 +0000] "DELETE /login HTTP/1.1" 301 2214 "PostmanRuntime/7.29.0"
192.168.1.115 - - [18/Jul/2025:10:27:19 +0000] "DELETE / HTTP/1.1" 401 3678 "curl/7.68.0"
192.168.1.108 - - [18/Jul/2025:13:14:23 +0000] "PUT /settings HTTP/1.1" 201 4464 "PostmanRuntime/7.29.0"
192.168.1.103 - - [18/Jul/2025:10:06:05 +0000] "POST /index.html HTTP/1.1" 200 290 "curl/7.68.0"
192.168.1.104 - - [18/Jul/2025:00:15:44 +0000] "DELETE /index.html HTTP/1.1" 302 1845 "Mozilla/5.0 (Macintosh; Intel Mac OS X 10_15_7)"
192.168.1.105 - - [17/Jul/2025:17:35:05 +0000] "PUT /logout HTTP/1.1" 301 140 "Mozilla/5.0 (Macintosh; Intel Mac OS X 10_15_7)"
192.168.1.102 - - [18/Jul/2025:14:12:51 +0000] "GET /dashboard HTTP/1.1" 403 920 "Mozilla/5.0 (Macintosh; Intel Mac OS X 10_15_7)"
192.168.1.109 - - [17/Jul/2025:22:38:30 +0000] "DELETE /dashboard HTTP/1.1" 400 2901 "curl/7.68.0"
192.168.1.102 - - [18/Jul/2025:12:44:50 +0000] "PUT /api/user HTTP/1.1" 400 4011 "Mozilla/5.0 (Linux; Android 11)"
192.168.1.102 - - [18/Jul/2025:06:19:14 +0000] "GET /index.html HTTP/1.1" 500 2123 "Mozilla/5.0 (Windows NT 10.0; Win64; x64)"
192.168.1.102 - - [18/Jul/2025:01:45:58 +0000] "PUT /login HTTP/1.1" 204 4187 "PostmanRuntime/7.29.0"
192.168.1.102 - - [18/Jul/2025:11:46:31 +0000] "DELETE /api/user HTTP/1.1" 503 3268 "Mozilla/5.0 (Linux; Android 11)"
192.168.1.109 - - [17/Jul/2025:21:10:21 +0000] "POST /settings HTTP/1.1" 204 312 "Mozilla/5.0 (Macintosh; Intel Mac OS X 10_15_7)"
192.168.1.109 - - [18/Jul/2025:12:53:33 +0000] "GET /api/data HTTP/1.1" 201 2334 "PostmanRuntime/7.29.0"
192.168.1.103 - - [18/Jul/2025:09:57:13 +0000] "POST /index.html HTTP/1.1" 302 577 "Mozilla/5.0 (Windows NT 10.0; Win64; x64)"
192.168.1.104 - - [18/Jul/2025:01:20:05 +0000] "GET /index.html HTTP/1.1" 400 2327 "Mozilla/5.0 (Linux; Android 11)"
192.168.1.102 - - [18/Jul/2025:14:35:06 +0000] "PUT /settings HTTP/1.1" 401 2247 "Mozilla/5.0 (Windows NT 10.0; Win64; x64)"
192.168.1.109 - - [17/Jul/2025:20:32:43 +0000] "PUT /login HTTP/1.1" 201 4761 "Mozilla/5.0 (Windows NT 10.0; Win64; x64)"
192.168.1.112 - - [18/Jul/2025:03:23:17 +0000] "DELETE /settings HTTP/1.1" 400 809 "PostmanRuntime/7.29.0"
192.168.1.108 - - [18/Jul/2025:09:33:10 +0000] "POST /api/user HTTP/1.1" 201 1196 "Mozilla/5.0 (Windows NT 10.0; Win64; x64)"
192.168.1.109 - - [18/Jul/2025:04:34:47 +0000] "DELETE /api/user HTTP/1.1" 204 1722 "Mozilla/5.0 (Macintosh; Intel Mac OS X 10_15_7)"
192.168.1.107 - - [18/Jul/2025:16:48:35 +0000] "PUT /api/data HTTP/1.1" 503 2167 "PostmanRuntime/7.29.0"
192.168.1.115 - - [18/Jul/2025:03:48:25 +0000] "POST /dashboard HTTP/1.1" 503 3216 "Mozilla/5.0 (Windows NT 10.0; Win64; x64)"
192.168.1.115 - - [18/Jul/2025:14:29:45 +0000] "DELETE /login HTTP/1.1" 400 543 "PostmanRuntime/7.29.0"
192.168.1.112 - - [18/Jul/2025:06:13:39 +0000] "DELETE /api/user HTTP/1.1" 502 3778 "Mozilla/5.0 (Linux; Android 11)"
192.168.1.103 - - [17/Jul/2025:22:44:13 +0000] "DELETE /api/data HTTP/1.1" 404 4310 "Mozilla/5.0 (Windows NT 10.0; Win64; x64)"
192.168.1.111 - - [17/Jul/2025:23:43:16 +0000] "POST /index.html HTTP/1.1" 201 912 "Mozilla/5.0 (Macintosh; Intel Mac OS X 10_15_7)"
192.168.1.113 - - [18/Jul/2025:06:09:44 +0000] "POST / HTTP/1.1" 401 902 "Mozilla/5.0 (Macintosh; Intel Mac OS X 10_15_7)"
192.168.1.107 - - [18/Jul/2025:15:12:47 +0000] "POST /api/data HTTP/1.1" 502 4317 "curl/7.68.0"
192.168.1.103 - - [17/Jul/2025:22:35:08 +0000] "GET /login HTTP/1.1" 301 2221 "Mozilla/5.0 (Linux; Android 11)"
192.168.1.114 - - [18/Jul/2025:04:59:37 +0000] "POST /dashboard HTTP/1.1" 500 1879 "curl/7.68.0"
192.168.1.102 - - [18/Jul/2025:13:34:24 +0000] "POST /api/data HTTP/1.1" 404 3975 "curl/7.68.0"
192.168.1.103 - - [18/Jul/2025:01:27:20 +0000] "GET /logout HTTP/1.1" 302 1003 "Mozilla/5.0 (Windows NT 10.0; Win64; x64)"
192.168.1.104 - - [18/Jul/2025:13:01:17 +0000] "GET /settings HTTP/1.1" 401 4023 "curl/7.68.0"
192.168.1.101 - - [17/Jul/2025:21:36:32 +0000] "PUT /settings HTTP/1.1" 204 1370 "Mozilla/5.0 (Macintosh; Intel Mac OS X 10_15_7)"
192.168.1.112 - - [18/Jul/2025:13:38:12 +0000] "GET /login HTTP/1.1" 200 4878 "PostmanRuntime/7.29.0"
192.168.1.108 - - [17/Jul/2025:19:10:41 +0000] "DELETE /login HTTP/1.1" 301 1460 "PostmanRuntime/7.29.0"
192.168.1.112 - - [18/Jul/2025:09:16:56 +0000] "POST /api/user HTTP/1.1" 404 928 "curl/7.68.0"
192.168.1.114 - - [17/Jul/2025:20:55:09 +0000] "PUT /login HTTP/1.1" 301 2306 "Mozilla/5.0 (Macintosh; Intel Mac OS X 10_15_7)"
192.168.1.112 - - [18/Jul/2025:10:41:56 +0000] "DELETE /settings HTTP/1.1" 502 2821 "PostmanRuntime/7.29.0"
192.168.1.112 - - [18/Jul/2025:13:07:09 +0000] "PUT /api/data HTTP/1.1" 301 538 "Mozilla/5.0 (Windows NT 10.0; Win64; x64)"
192.168.1.101 - - [18/Jul/2025:10:47:36 +0000] "PUT /dashboard HTTP/1.1" 200 3989 "curl/7.68.0"
192.168.1.103 - - [18/Jul/2025:10:27:12 +0000] "POST /logout HTTP/1.1" 403 1925 "curl/7.68.0"
192.168.1.103 - - [17/Jul/2025:20:05:42 +0000] "DELETE /settings HTTP/1.1" 403 1992 "PostmanRuntime/7.29.0"
192.168.1.102 - - [18/Jul/2025:12:24:56 +0000] "POST /login HTTP/1.1" 400 3609 "Mozilla/5.0 (Linux; Android 11)"
192.168.1.112 - - [18/Jul/2025:04:36:49 +0000] "GET /dashboard HTTP/1.1" 503 3949 "PostmanRuntime/7.29.0"
192.168.1.101 - - [18/Jul/2025:12:17:45 +0000] "POST /api/data HTTP/1.1" 302 1058 "Mozilla/5.0 (Windows NT 10.0; Win64; x64)"
192.168.1.108 - - [18/Jul/2025:14:24:06 +0000] "GET /index.html HTTP/1.1" 502 1014 "curl/7.68.0"
192.168.1.101 - - [17/Jul/2025:20:11:52 +0000] "GET / HTTP/1.1" 204 2319 "Mozilla/5.0 (Macintosh; Intel Mac OS X 10_15_7)"
192.168.1.113 - - [17/Jul/2025:23:22:23 +0000] "GET / HTTP/1.1" 500 3932 "PostmanRuntime/7.29.0"
192.168.1.108 - - [18/Jul/2025:01:07:42 +0000] "PUT /dashboard HTTP/1.1" 302 4533 "curl/7.68.0"
192.168.1.111 - - [18/Jul/2025:15:21:28 +0000] "DELETE /api/user HTTP/1.1" 404 2143 "Mozilla/5.0 (Linux; Android 11)"
192.168.1.107 - - [18/Jul/2025:13:21:46 +0000] "GET /dashboard HTTP/1.1" 400 3799 "Mozilla/5.0 (Macintosh; Intel Mac OS X 10_15_7)"
192.168.1.101 - - [18/Jul/2025:15:43:50 +0000] "PUT /logout HTTP/1.1" 204 2415 "PostmanRuntime/7.29.0"
192.168.1.102 - - [18/Jul/2025:16:19:23 +0000] "POST / HTTP/1.1" 201 2447 "Mozilla/5.0 (Macintosh; Intel Mac OS X 10_15_7)"
192.168.1.105 - - [18/Jul/2025:07:23:43 +0000] "POST /settings HTTP/1.1" 201 1736 "PostmanRuntime/7.29.0"
192.168.1.105 - - [18/Jul/2025:10:03:16 +0000] "GET /dashboard HTTP/1.1" 400 3334 "curl/7.68.0"
192.168.1.109 - - [18/Jul/2025:03:16:25 +0000] "DELETE /dashboard HTTP/1.1" 403 2882 "Mozilla/5.0 (Windows NT 10.0; Win64; x64)"
192.168.1.108 - - [18/Jul/2025:09:21:54 +0000] "PUT /dashboard HTTP/1.1" 502 3350 "PostmanRuntime/7.29.0"
192.168.1.115 - - [18/Jul/2025:16:06:10 +0000] "PUT /login HTTP/1.1" 201 3071 "Mozilla/5.0 (Linux; Android 11)"
192.168.1.106 - - [18/Jul/2025:01:33:36 +0000] "PUT /dashboard HTTP/1.1" 302 1415 "PostmanRuntime/7.29.0"
192.168.1.104 - - [18/Jul/2025:05:49:28 +0000] "PUT /dashboard HTTP/1.1" 404 4106 "curl/7.68.0"
192.168.1.105 - - [17/Jul/2025:20:18:48 +0000] "PUT /settings HTTP/1.1" 400 1914 "curl/7.68.0"
192.168.1.101 - - [17/Jul/2025:20:51:58 +0000] "PUT /index.html HTTP/1.1" 400 2237 "PostmanRuntime/7.29.0"
192.168.1.111 - - [17/Jul/2025:20:51:14 +0000] "POST /api/user HTTP/1.1" 503 2811 "curl/7.68.0"
192.168.1.113 - - [18/Jul/2025:11:30:52 +0000] "POST /dashboard HTTP/1.1" 403 2423 "Mozilla/5.0 (Macintosh; Intel Mac OS X 10_15_7)"
192.168.1.107 - - [17/Jul/2025:21:16:19 +0000] "DELETE /api/user HTTP/1.1" 503 3248 "Mozilla/5.0 (Macintosh; Intel Mac OS X 10_15_7)"
192.168.1.102 - - [18/Jul/2025:14:50:29 +0000] "DELETE /logout HTTP/1.1" 401 4462 "Mozilla/5.0 (Linux; Android 11)"
192.168.1.110 - - [18/Jul/2025:04:02:51 +0000] "POST /settings HTTP/1.1" 301 606 "Mozilla/5.0 (Linux; Android 11)"
192.168.1.102 - - [18/Jul/2025:16:36:23 +0000] "GET /logout HTTP/1.1" 400 4276 "Mozilla/5.0 (Macintosh; Intel Mac OS X 10_15_7)"
192.168.1.110 - - [18/Jul/2025:15:37:10 +0000] "PUT /api/user HTTP/1.1" 302 807 "Mozilla/5.0 (Windows NT 10.0; Win64; x64)"
192.168.1.112 - - [18/Jul/2025:12:36:47 +0000] "DELETE /api/data HTTP/1.1" 201 105 "PostmanRuntime/7.29.0"
192.168.1.112 - - [17/Jul/2025:19:13:17 +0000] "POST /api/data HTTP/1.1" 502 4917 "Mozilla/5.0 (Linux; Android 11)"
192.168.1.110 - - [18/Jul/2025:15:12:43 +0000] "PUT /dashboard HTTP/1.1" 403 4492 "Mozilla/5.0 (Linux; Android 11)"
192.168.1.113 - - [18/Jul/2025:07:46:37 +0000] "PUT /api/data HTTP/1.1" 403 3561 "curl/7.68.0"
192.168.1.114 - - [18/Jul/2025:14:43:20 +0000] "DELETE /index.html HTTP/1.1" 302 2052 "PostmanRuntime/7.29.0"
192.168.1.108 - - [17/Jul/2025:18:19:28 +0000] "DELETE / HTTP/1.1" 401 501 "Mozilla/5.0 (Windows NT 10.0; Win64; x64)"
192.168.1.106 - - [18/Jul/2025:03:29:28 +0000] "PUT /index.html HTTP/1.1" 400 2672 "curl/7.68.0"
192.168.1.108 - - [18/Jul/2025:13:46:23 +0000] "PUT / HTTP/1.1" 204 554 "curl/7.68.0"
192.168.1.109 - - [17/Jul/2025:23:16:33 +0000] "POST /api/data HTTP/1.1" 204 1031 "Mozilla/5.0 (Linux; Android 11)"
192.168.1.106 - - [18/Jul/2025:03:11:23 +0000] "DELETE /api/user HTTP/1.1" 201 2027 "Mozilla/5.0 (Linux; Android 11)"
192.168.1.101 - - [18/Jul/2025:14:47:11 +0000] "PUT /api/data HTTP/1.1" 403 1958 "Mozilla/5.0 (Linux; Android 11)"
192.168.1.115 - - [18/Jul/2025:07:48:20 +0000] "GET /api/data HTTP/1.1" 204 570 "Mozilla/5.0 (Macintosh; Intel Mac OS X 10_15_7)"
192.168.1.103 - - [18/Jul/2025:10:22:50 +0000] "GET / HTTP/1.1" 502 3242 "Mozilla/5.0 (Macintosh; Intel Mac OS X 10_15_7)"
192.168.1.102 - - [18/Jul/2025:13:54:57 +0000] "DELETE /dashboard HTTP/1.1" 500 2952 "Mozilla/5.0 (Macintosh; Intel Mac OS X 10_15_7)"
192.168.1.108 - - [18/Jul/2025:07:14:27 +0000] "DELETE /index.html HTTP/1.1" 200 4102 "Mozilla/5.0 (Linux; Android 11)"
192.168.1.104 - - [17/Jul/2025:17:37:07 +0000] "POST /index.html HTTP/1.1" 201 3835 "PostmanRuntime/7.29.0"
192.168.1.101 - - [18/Jul/2025:06:30:03 +0000] "PUT /login HTTP/1.1" 201 4269 "Mozilla/5.0 (Linux; Android 11)"
192.168.1.112 - - [18/Jul/2025:02:18:10 +0000] "GET /index.html HTTP/1.1" 401 2967 "Mozilla/5.0 (Macintosh; Intel Mac OS X 10_15_7)"
192.168.1.101 - - [18/Jul/2025:06:03:58 +0000] "POST /settings HTTP/1.1" 400 2187 "Mozilla/5.0 (Windows NT 10.0; Win64; x64)"
192.168.1.103 - - [18/Jul/2025:10:22:17 +0000] "GET /dashboard HTTP/1.1" 401 148 "Mozilla/5.0 (Macintosh; Intel Mac OS X 10_15_7)"
192.168.1.112 - - [17/Jul/2025:17:46:14 +0000] "POST /dashboard HTTP/1.1" 204 3779 "Mozilla/5.0 (Windows NT 10.0; Win64; x64)"
192.168.1.112 - - [18/Jul/2025:08:12:59 +0000] "PUT /api/data HTTP/1.1" 301 2642 "Mozilla/5.0 (Windows NT 10.0; Win64; x64)"
192.168.1.109 - - [18/Jul/2025:07:54:40 +0000] "POST /dashboard HTTP/1.1" 404 351 "Mozilla/5.0 (Windows NT 10.0; Win64; x64)"
192.168.1.103 - - [17/Jul/2025:19:30:44 +0000] "GET /logout HTTP/1.1" 204 4213 "PostmanRuntime/7.29.0"
192.168.1.102 - - [18/Jul/2025:13:17:36 +0000] "GET /login HTTP/1.1" 302 2770 "curl/7.68.0"
192.168.1.112 - - [18/Jul/2025:03:12:17 +0000] "GET /logout HTTP/1.1" 302 789 "curl/7.68.0"
192.168.1.115 - - [17/Jul/2025:18:31:17 +0000] "DELETE /logout HTTP/1.1" 500 286 "Mozilla/5.0 (Linux; Android 11)"
192.168.1.113 - - [18/Jul/2025:16:37:50 +0000] "DELETE /api/data HTTP/1.1" 401 3443 "PostmanRuntime/7.29.0"
192.168.1.105 - - [18/Jul/2025:03:07:03 +0000] "POST /index.html HTTP/1.1" 401 849 "PostmanRuntime/7.29.0"
192.168.1.104 - - [17/Jul/2025:19:09:15 +0000] "POST /logout HTTP/1.1" 400 527 "Mozilla/5.0 (Windows NT 10.0; Win64; x64)"
192.168.1.105 - - [18/Jul/2025:14:22:00 +0000] "GET /index.html HTTP/1.1" 500 155 "Mozilla/5.0 (Windows NT 10.0; Win64; x64)"
192.168.1.115 - - [18/Jul/2025:06:17:07 +0000] "PUT /logout HTTP/1.1" 403 3065 "curl/7.68.0"
192.168.1.105 - - [18/Jul/2025:02:59:36 +0000] "GET /login HTTP/1.1" 400 1987 "PostmanRuntime/7.29.0"
192.168.1.106 - - [17/Jul/2025:17:48:04 +0000] "GET /logout HTTP/1.1" 500 2171 "PostmanRuntime/7.29.0"
192.168.1.104 - - [18/Jul/2025:01:42:58 +0000] "GET /api/user HTTP/1.1" 502 3590 "PostmanRuntime/7.29.0"
192.168.1.111 - - [17/Jul/2025:22:36:18 +0000] "POST /settings HTTP/1.1" 400 126 "curl/7.68.0"
192.168.1.111 - - [17/Jul/2025:18:38:34 +0000] "GET /settings HTTP/1.1" 401 338 "Mozilla/5.0 (Windows NT 10.0; Win64; x64)"
192.168.1.107 - - [18/Jul/2025:10:32:05 +0000] "DELETE /login HTTP/1.1" 403 1151 "PostmanRuntime/7.29.0"
192.168.1.107 - - [17/Jul/2025:21:27:26 +0000] "PUT /logout HTTP/1.1" 403 4118 "PostmanRuntime/7.29.0"
192.168.1.109 - - [18/Jul/2025:02:34:40 +0000] "DELETE /login HTTP/1.1" 502 293 "curl/7.68.0"
192.168.1.110 - - [18/Jul/2025:03:46:17 +0000] "DELETE / HTTP/1.1" 403 3378 "PostmanRuntime/7.29.0"
192.168.1.109 - - [18/Jul/2025:10:10:37 +0000] "POST /index.html HTTP/1.1" 302 3483 "Mozilla/5.0 (Windows NT 10.0; Win64; x64)"
192.168.1.110 - - [17/Jul/2025:22:01:13 +0000] "DELETE /dashboard HTTP/1.1" 204 3028 "curl/7.68.0"
192.168.1.114 - - [17/Jul/2025:23:57:55 +0000] "GET /login HTTP/1.1" 404 4406 "PostmanRuntime/7.29.0"
192.168.1.104 - - [18/Jul/2025:13:02:32 +0000] "PUT /api/user HTTP/1.1" 500 187 "curl/7.68.0"
192.168.1.113 - - [17/Jul/2025:18:08:40 +0000] "GET /index.html HTTP/1.1" 503 4027 "Mozilla/5.0 (Linux; Android 11)"
192.168.1.114 - - [18/Jul/2025:16:43:10 +0000] "PUT /dashboard HTTP/1.1" 204 1629 "Mozilla/5.0 (Linux; Android 11)"
192.168.1.104 - - [18/Jul/2025:01:28:32 +0000] "GET /settings HTTP/1.1" 500 2715 "Mozilla/5.0 (Windows NT 10.0; Win64; x64)"
192.168.1.108 - - [18/Jul/2025:15:10:11 +0000] "PUT /login HTTP/1.1" 403 4279 "curl/7.68.0"
192.168.1.104 - - [18/Jul/2025:13:45:39 +0000] "PUT /api/data HTTP/1.1" 500 4412 "Mozilla/5.0 (Windows NT 10.0; Win64; x64)"
192.168.1.114 - - [17/Jul/2025:21:32:21 +0000] "POST /api/user HTTP/1.1" 204 2600 "PostmanRuntime/7.29.0"
192.168.1.106 - - [17/Jul/2025:21:32:19 +0000] "POST /index.html HTTP/1.1" 404 3432 "Mozilla/5.0 (Linux; Android 11)"
192.168.1.108 - - [17/Jul/2025:21:45:43 +0000] "POST /login HTTP/1.1" 302 4897 "Mozilla/5.0 (Windows NT 10.0; Win64; x64)"
192.168.1.113 - - [17/Jul/2025:20:47:11 +0000] "GET /api/data HTTP/1.1" 401 4240 "curl/7.68.0"
192.168.1.106 - - [18/Jul/2025:05:19:40 +0000] "GET /logout HTTP/1.1" 401 3548 "Mozilla/5.0 (Macintosh; Intel Mac OS X 10_15_7)"
192.168.1.108 - - [17/Jul/2025:17:18:03 +0000] "POST /index.html HTTP/1.1" 403 4987 "PostmanRuntime/7.29.0"
192.168.1.112 - - [17/Jul/2025:17:58:02 +0000] "DELETE /api/data HTTP/1.1" 204 569 "curl/7.68.0"
192.168.1.108 - - [18/Jul/2025:08:12:56 +0000] "PUT /api/user HTTP/1.1" 502 2882 "curl/7.68.0"
192.168.1.113 - - [17/Jul/2025:17:24:46 +0000] "POST /login HTTP/1.1" 503 619 "curl/7.68.0"
192.168.1.101 - - [18/Jul/2025:02:27:18 +0000] "GET /index.html HTTP/1.1" 200 2869 "PostmanRuntime/7.29.0"
192.168.1.114 - - [18/Jul/2025:10:02:30 +0000] "GET /api/data HTTP/1.1" 400 3286 "PostmanRuntime/7.29.0"
192.168.1.111 - - [18/Jul/2025:12:45:41 +0000] "PUT /api/user HTTP/1.1" 401 3003 "Mozilla/5.0 (Linux; Android 11)"
192.168.1.107 - - [18/Jul/2025:16:19:07 +0000] "PUT /dashboard HTTP/1.1" 404 1577 "Mozilla/5.0 (Linux; Android 11)"
192.168.1.109 - - [18/Jul/2025:06:11:55 +0000] "DELETE /index.html HTTP/1.1" 200 633 "curl/7.68.0"
192.168.1.115 - - [18/Jul/2025:07:24:31 +0000] "PUT /api/user HTTP/1.1" 200 1418 "Mozilla/5.0 (Linux; Android 11)"
192.168.1.112 - - [18/Jul/2025:13:57:46 +0000] "GET /logout HTTP/1.1" 201 1235 "PostmanRuntime/7.29.0"
192.168.1.112 - - [18/Jul/2025:03:21:45 +0000] "GET /login HTTP/1.1" 200 1658 "PostmanRuntime/7.29.0"
192.168.1.106 - - [17/Jul/2025:21:45:35 +0000] "GET /api/data HTTP/1.1" 204 1600 "Mozilla/5.0 (Macintosh; Intel Mac OS X 10_15_7)"
192.168.1.111 - - [18/Jul/2025:12:32:45 +0000] "PUT /login HTTP/1.1" 500 2442 "Mozilla/5.0 (Windows NT 10.0; Win64; x64)"
192.168.1.111 - - [17/Jul/2025:19:21:54 +0000] "GET /index.html HTTP/1.1" 403 1874 "PostmanRuntime/7.29.0"
192.168.1.107 - - [18/Jul/2025:05:48:31 +0000] "DELETE /api/user HTTP/1.1" 301 3568 "Mozilla/5.0 (Macintosh; Intel Mac OS X 10_15_7)"
192.168.1.108 - - [18/Jul/2025:17:01:15 +0000] "PUT /settings HTTP/1.1" 200 4720 "PostmanRuntime/7.29.0"
192.168.1.111 - - [18/Jul/2025:12:33:33 +0000] "GET /settings HTTP/1.1" 301 1597 "PostmanRuntime/7.29.0"
192.168.1.103 - - [17/Jul/2025:17:20:36 +0000] "GET /settings HTTP/1.1" 404 1385 "PostmanRuntime/7.29.0"
192.168.1.104 - - [18/Jul/2025:17:14:01 +0000] "DELETE /logout HTTP/1.1" 201 274 "Mozilla/5.0 (Macintosh; Intel Mac OS X 10_15_7)"
192.168.1.104 - - [18/Jul/2025:09:23:00 +0000] "PUT /api/user HTTP/1.1" 500 2725 "PostmanRuntime/7.29.0"
192.168.1.106 - - [17/Jul/2025:18:35:52 +0000] "PUT /dashboard HTTP/1.1" 401 1224 "Mozilla/5.0 (Linux; Android 11)"
192.168.1.107 - - [18/Jul/2025:03:23:38 +0000] "GET / HTTP/1.1" 302 1014 "PostmanRuntime/7.29.0"
192.168.1.107 - - [18/Jul/2025:06:29:42 +0000] "POST /dashboard HTTP/1.1" 404 1337 "Mozilla/5.0 (Macintosh; Intel Mac OS X 10_15_7)"
192.168.1.114 - - [18/Jul/2025:14:25:00 +0000] "GET /index.html HTTP/1.1" 503 3487 "Mozilla/5.0 (Windows NT 10.0; Win64; x64)"
192.168.1.106 - - [18/Jul/2025:16:39:48 +0000] "POST /index.html HTTP/1.1" 302 4713 "curl/7.68.0"
192.168.1.102 - - [17/Jul/2025:17:48:26 +0000] "DELETE /dashboard HTTP/1.1" 204 3128 "PostmanRuntime/7.29.0"
192.168.1.111 - - [18/Jul/2025:12:50:01 +0000] "GET / HTTP/1.1" 502 2498 "Mozilla/5.0 (Macintosh; Intel Mac OS X 10_15_7)"
192.168.1.113 - - [18/Jul/2025:10:13:55 +0000] "DELETE /api/data HTTP/1.1" 201 4537 "Mozilla/5.0 (Macintosh; Intel Mac OS X 10_15_7)"
192.168.1.106 - - [17/Jul/2025:23:42:26 +0000] "GET /logout HTTP/1.1" 500 2227 "Mozilla/5.0 (Linux; Android 11)"
192.168.1.105 - - [18/Jul/2025:12:13:14 +0000] "PUT / HTTP/1.1" 404 918 "PostmanRuntime/7.29.0"
192.168.1.106 - - [18/Jul/2025:06:10:50 +0000] "GET /api/user HTTP/1.1" 503 4838 "Mozilla/5.0 (Windows NT 10.0; Win64; x64)"
192.168.1.102 - - [18/Jul/2025:02:13:57 +0000] "POST /api/user HTTP/1.1" 503 4243 "Mozilla/5.0 (Linux; Android 11)"
192.168.1.101 - - [18/Jul/2025:02:52:45 +0000] "POST /login HTTP/1.1" 503 677 "Mozilla/5.0 (Windows NT 10.0; Win64; x64)"
192.168.1.107 - - [18/Jul/2025:06:53:53 +0000] "POST /logout HTTP/1.1" 500 4619 "Mozilla/5.0 (Windows NT 10.0; Win64; x64)"
192.168.1.112 - - [18/Jul/2025:04:01:36 +0000] "DELETE /api/user HTTP/1.1" 404 2595 "Mozilla/5.0 (Macintosh; Intel Mac OS X 10_15_7)"
192.168.1.115 - - [18/Jul/2025:17:02:20 +0000] "DELETE /login HTTP/1.1" 201 940 "PostmanRuntime/7.29.0"
192.168.1.107 - - [18/Jul/2025:13:32:26 +0000] "POST /api/user HTTP/1.1" 400 1543 "curl/7.68.0"
192.168.1.102 - - [17/Jul/2025:22:38:40 +0000] "POST /login HTTP/1.1" 302 1515 "curl/7.68.0"
192.168.1.106 - - [18/Jul/2025:11:56:47 +0000] "GET / HTTP/1.1" 302 3404 "PostmanRuntime/7.29.0"
192.168.1.101 - - [17/Jul/2025:18:52:57 +0000] "GET /dashboard HTTP/1.1" 301 1317 "Mozilla/5.0 (Linux; Android 11)"
192.168.1.106 - - [18/Jul/2025:14:07:55 +0000] "DELETE /api/data HTTP/1.1" 404 2819 "Mozilla/5.0 (Linux; Android 11)"
192.168.1.108 - - [18/Jul/2025:15:32:24 +0000] "GET /settings HTTP/1.1" 204 1306 "Mozilla/5.0 (Macintosh; Intel Mac OS X 10_15_7)"
192.168.1.112 - - [18/Jul/2025:08:06:15 +0000] "POST /logout HTTP/1.1" 403 819 "curl/7.68.0"
192.168.1.107 - - [18/Jul/2025:17:01:56 +0000] "POST / HTTP/1.1" 403 2868 "curl/7.68.0"
192.168.1.112 - - [18/Jul/2025:02:08:09 +0000] "PUT / HTTP/1.1" 302 436 "curl/7.68.0"
192.168.1.105 - - [18/Jul/2025:01:09:13 +0000] "PUT / HTTP/1.1" 403 648 "PostmanRuntime/7.29.0"
192.168.1.101 - - [18/Jul/2025:13:32:43 +0000] "POST /dashboard HTTP/1.1" 201 579 "curl/7.68.0"
192.168.1.104 - - [17/Jul/2025:22:19:08 +0000] "POST / HTTP/1.1" 302 2765 "Mozilla/5.0 (Macintosh; Intel Mac OS X 10_15_7)"
192.168.1.114 - - [17/Jul/2025:18:19:15 +0000] "PUT /logout HTTP/1.1" 500 2121 "Mozilla/5.0 (Windows NT 10.0; Win64; x64)"
192.168.1.111 - - [18/Jul/2025:03:55:50 +0000] "PUT /logout HTTP/1.1" 201 743 "Mozilla/5.0 (Macintosh; Intel Mac OS X 10_15_7)"
192.168.1.109 - - [18/Jul/2025:12:19:27 +0000] "DELETE /dashboard HTTP/1.1" 204 315 "PostmanRuntime/7.29.0"
192.168.1.107 - - [18/Jul/2025:04:03:03 +0000] "DELETE / HTTP/1.1" 403 443 "Mozilla/5.0 (Macintosh; Intel Mac OS X 10_15_7)"
192.168.1.104 - - [18/Jul/2025:14:27:08 +0000] "PUT /login HTTP/1.1" 503 2626 "PostmanRuntime/7.29.0"
192.168.1.115 - - [18/Jul/2025:04:19:27 +0000] "PUT /api/data HTTP/1.1" 200 3529 "PostmanRuntime/7.29.0"
192.168.1.113 - - [17/Jul/2025:19:17:27 +0000] "DELETE /api/user HTTP/1.1" 401 2402 "Mozilla/5.0 (Windows NT 10.0; Win64; x64)"
192.168.1.103 - - [18/Jul/2025:03:52:08 +0000] "GET /api/user HTTP/1.1" 301 3273 "PostmanRuntime/7.29.0"
192.168.1.102 - - [18/Jul/2025:00:15:41 +0000] "POST /api/data HTTP/1.1" 401 3833 "Mozilla/5.0 (Windows NT 10.0; Win64; x64)"
192.168.1.110 - - [18/Jul/2025:10:57:58 +0000] "DELETE /api/user HTTP/1.1" 502 2815 "curl/7.68.0"
192.168.1.113 - - [18/Jul/2025:10:36:22 +0000] "POST /login HTTP/1.1" 403 1095 "Mozilla/5.0 (Linux; Android 11)"
192.168.1.115 - - [18/Jul/2025:07:52:14 +0000] "POST / HTTP/1.1" 502 2019 "Mozilla/5.0 (Macintosh; Intel Mac OS X 10_15_7)"
192.168.1.115 - - [18/Jul/2025:11:54:57 +0000] "GET /dashboard HTTP/1.1" 200 1619 "curl/7.68.0"
192.168.1.101 - - [18/Jul/2025:07:22:54 +0000] "PUT /api/user HTTP/1.1" 400 884 "Mozilla/5.0 (Linux; Android 11)"
192.168.1.102 - - [18/Jul/2025:13:28:42 +0000] "PUT /logout HTTP/1.1" 502 4978 "Mozilla/5.0 (Macintosh; Intel Mac OS X 10_15_7)"
192.168.1.113 - - [18/Jul/2025:05:13:23 +0000] "PUT / HTTP/1.1" 403 3601 "PostmanRuntime/7.29.0"
192.168.1.101 - - [18/Jul/2025:01:17:37 +0000] "POST /api/data HTTP/1.1" 500 1156 "Mozilla/5.0 (Linux; Android 11)"
192.168.1.114 - - [18/Jul/2025:03:37:53 +0000] "GET /index.html HTTP/1.1" 404 4241 "Mozilla/5.0 (Windows NT 10.0; Win64; x64)"
192.168.1.101 - - [17/Jul/2025:20:25:48 +0000] "GET /index.html HTTP/1.1" 302 529 "Mozilla/5.0 (Linux; Android 11)"
192.168.1.101 - - [18/Jul/2025:08:19:09 +0000] "POST /login HTTP/1.1" 302 2858 "curl/7.68.0"
192.168.1.112 - - [18/Jul/2025:03:37:00 +0000] "POST /login HTTP/1.1" 204 3064 "Mozilla/5.0 (Linux; Android 11)"
192.168.1.114 - - [17/Jul/2025:20:26:52 +0000] "DELETE /api/data HTTP/1.1" 503 592 "Mozilla/5.0 (Windows NT 10.0; Win64; x64)"
192.168.1.114 - - [18/Jul/2025:05:33:27 +0000] "GET /login HTTP/1.1" 302 3695 "Mozilla/5.0 (Macintosh; Intel Mac OS X 10_15_7)"
192.168.1.105 - - [17/Jul/2025:18:29:48 +0000] "POST /index.html HTTP/1.1" 500 3304 "curl/7.68.0"
192.168.1.113 - - [18/Jul/2025:06:06:19 +0000] "GET /index.html HTTP/1.1" 404 4267 "PostmanRuntime/7.29.0"
192.168.1.107 - - [18/Jul/2025:05:52:02 +0000] "DELETE /logout HTTP/1.1" 302 1871 "Mozilla/5.0 (Windows NT 10.0; Win64; x64)"
192.168.1.103 - - [18/Jul/2025:12:28:32 +0000] "PUT /index.html HTTP/1.1" 403 1787 "PostmanRuntime/7.29.0"
