192.168.1.109 - - [18/Jul/2025:08:44:26 +0000] "DELETE /api/data HTTP/1.1" 204 2973 "PostmanRuntime/7.29.0"
192.168.1.108 - - [18/Jul/2025:06:05:15 +0000] "POST /dashboard HTTP/1.1" 301 1831 "curl/7.68.0"
192.168.1.101 - - [18/Jul/2025:09:55:19 +0000] "DELETE /api/user HTTP/1.1" 400 1862 "curl/7.68.0"
192.168.1.101 - - [17/Jul/2025:18:47:58 +0000] "GET /login HTTP/1.1" 400 4386 "PostmanRuntime/7.29.0"
192.168.1.114 - - [18/Jul/2025:10:41:25 +0000] "DELETE /logout HTTP/1.1" 204 2179 "PostmanRuntime/7.29.0"
192.168.1.114 - - [18/Jul/2025:07:47:45 +0000] "GET /dashboard HTTP/1.1" 400 1180 "Mozilla/5.0 (Macintosh; Intel Mac OS X 10_15_7)"
192.168.1.108 - - [18/Jul/2025:11:47:29 +0000] "DELETE /dashboard HTTP/1.1" 401 635 "PostmanRuntime/7.29.0"
192.168.1.101 - - [18/Jul/2025:17:16:55 +0000] "GET /dashboard HTTP/1.1" 201 4122 "curl/7.68.0"
192.168.1.104 - - [18/Jul/2025:03:50:24 +0000] "PUT /index.html HTTP/1.1" 201 4108 "Mozilla/5.0 (Linux; Android 11)"
192.168.1.104 - - [17/Jul/2025:22:42:48 +0000] "PUT /login HTTP/1.1" 200 2065 "Mozilla/5.0 (Macintosh; Intel Mac OS X 10_15_7)"
192.168.1.110 - - [18/Jul/2025:16:53:25 +0000] "POST /api/data HTTP/1.1" 200 2571 "Mozilla/5.0 (Macintosh; Intel Mac OS X 10_15_7)"
192.168.1.102 - - [18/Jul/2025:01:32:51 +0000] "GET /logout HTTP/1.1" 201 3583 "curl/7.68.0"
192.168.1.107 - - [18/Jul/2025:00:13:31 +0000] "PUT /dashboard HTTP/1.1" 403 3683 "Mozilla/5.0 (Linux; Android 11)"
192.168.1.107 - - [18/Jul/2025:01:55:26 +0000] "PUT /logout HTTP/1.1" 201 3274 "Mozilla/5.0 (Macintosh; Intel Mac OS X 10_15_7)"
192.168.1.106 - - [18/Jul/2025:05:23:09 +0000] "GET /dashboard HTTP/1.1" 301 2141 "curl/7.68.0"
192.168.1.111 - - [18/Jul/2025:17:08:39 +0000] "GET /settings HTTP/1.1" 403 1898 "PostmanRuntime/7.29.0"
192.168.1.105 - - [17/Jul/2025:21:42:06 +0000] "DELETE /api/user HTTP/1.1" 403 4534 "curl/7.68.0"
192.168.1.110 - - [18/Jul/2025:07:19:04 +0000] "GET /api/user HTTP/1.1" 503 4458 "Mozilla/5.0 (Macintosh; Intel Mac OS X 10_15_7)"
192.168.1.102 - - [18/Jul/2025:12:49:40 +0000] "DELETE /api/user HTTP/1.1" 200 1547 "Mozilla/5.0 (Linux; Android 11)"
192.168.1.113 - - [18/Jul/2025:03:05:47 +0000] "POST / HTTP/1.1" 500 701 "curl/7.68.0"
192.168.1.102 - - [18/Jul/2025:02:14:49 +0000] "POST /api/user HTTP/1.1" 502 4285 "Mozilla/5.0 (Macintosh; Intel Mac OS X 10_15_7)"
192.168.1.111 - - [18/Jul/2025:14:46:09 +0000] "DELETE /settings HTTP/1.1" 400 1462 "Mozilla/5.0 (Linux; Android 11)"
192.168.1.105 - - [18/Jul/2025:05:34:13 +0000] "DELETE /logout HTTP/1.1" 503 4261 "curl/7.68.0"
192.168.1.108 - - [17/Jul/2025:19:14:48 +0000] "PUT /dashboard HTTP/1.1" 302 444 "curl/7.68.0"
192.168.1.107 - - [18/Jul/2025:13:48:23 +0000] "POST /api/user HTTP/1.1" 404 3239 "curl/7.68.0"
192.168.1.113 - - [18/Jul/2025:04:54:27 +0000] "PUT /login HTTP/1.1" 302 4704 "PostmanRuntime/7.29.0"
192.168.1.107 - - [18/Jul/2025:03:03:47 +0000] "GET / HTTP/1.1" 404 4805 "Mozilla/5.0 (Macintosh; Intel Mac OS X 10_15_7)"
192.168.1.111 - - [18/Jul/2025:16:55:41 +0000] "PUT /api/data HTTP/1.1" 301 4474 "Mozilla/5.0 (Windows NT 10.0; Win64; x64)"
192.168.1.103 - - [18/Jul/2025:15:07:49 +0000] "GET /api/user HTTP/1.1" 302 2014 "curl/7.68.0"
192.168.1.107 - - [17/Jul/2025:20:34:50 +0000] "PUT /logout HTTP/1.1" 200 3581 "curl/7.68.0"
192.168.1.106 - - [17/Jul/2025:21:52:33 +0000] "POST /api/data HTTP/1.1" 503 1752 "curl/7.68.0"
192.168.1.110 - - [17/Jul/2025:21:03:31 +0000] "POST /logout HTTP/1.1" 204 3524 "Mozilla/5.0 (Windows NT 10.0; Win64; x64)"
192.168.1.108 - - [18/Jul/2025:06:47:46 +0000] "GET /api/data HTTP/1.1" 201 1168 "Mozilla/5.0 (Macintosh; Intel Mac OS X 10_15_7)"
192.168.1.115 - - [17/Jul/2025:19:42:39 +0000] "POST / HTTP/1.1" 302 2590 "PostmanRuntime/7.29.0"
192.168.1.110 - - [18/Jul/2025:05:46:32 +0000] "PUT /api/user HTTP/1.1" 201 4183 "Mozilla/5.0 (Macintosh; Intel Mac OS X 10_15_7)"
192.168.1.108 - - [17/Jul/2025:23:29:59 +0000] "DELETE / HTTP/1.1" 201 311 "Mozilla/5.0 (Windows NT 10.0; Win64; x64)"
192.168.1.106 - - [17/Jul/2025:21:28:57 +0000] "DELETE /dashboard HTTP/1.1" 302 4015 "curl/7.68.0"
192.168.1.110 - - [18/Jul/2025:12:10:12 +0000] "GET /settings HTTP/1.1" 404 4029 "PostmanRuntime/7.29.0"
192.168.1.104 - - [17/Jul/2025:18:42:53 +0000] "PUT /api/data HTTP/1.1" 503 2185 "Mozilla/5.0 (Macintosh; Intel Mac OS X 10_15_7)"
192.168.1.110 - - [18/Jul/2025:06:15:39 +0000] "PUT /api/user HTTP/1.1" 301 3396 "curl/7.68.0"
192.168.1.107 - - [18/Jul/2025:04:53:48 +0000] "DELETE /api/data HTTP/1.1" 204 2328 "PostmanRuntime/7.29.0"
192.168.1.110 - - [17/Jul/2025:22:05:33 +0000] "POST /dashboard HTTP/1.1" 400 2663 "PostmanRuntime/7.29.0"
192.168.1.115 - - [18/Jul/2025:15:38:40 +0000] "DELETE /settings HTTP/1.1" 200 365 "Mozilla/5.0 (Linux; Android 11)"
192.168.1.109 - - [18/Jul/2025:13:49:56 +0000] "POST /api/data HTTP/1.1" 201 4352 "Mozilla/5.0 (Macintosh; Intel Mac OS X 10_15_7)"
192.168.1.105 - - [18/Jul/2025:03:58:37 +0000] "GET /api/user HTTP/1.1" 403 2230 "PostmanRuntime/7.29.0"
192.168.1.110 - - [17/Jul/2025:18:22:38 +0000] "POST /login HTTP/1.1" 401 688 "Mozilla/5.0 (Windows NT 10.0; Win64; x64)"
192.168.1.114 - - [18/Jul/2025:11:22:29 +0000] "PUT /api/user HTTP/1.1" 401 3175 "Mozilla/5.0 (Linux; Android 11)"
192.168.1.113 - - [18/Jul/2025:00:32:13 +0000] "DELETE /logout HTTP/1.1" 500 4172 "PostmanRuntime/7.29.0"
192.168.1.112 - - [18/Jul/2025:14:20:14 +0000] "GET /dashboard HTTP/1.1" 200 3000 "curl/7.68.0"
192.168.1.106 - - [18/Jul/2025:17:08:44 +0000] "POST / HTTP/1.1" 302 2690 "Mozilla/5.0 (Windows NT 10.0; Win64; x64)"
192.168.1.103 - - [17/Jul/2025:22:05:18 +0000] "PUT /login HTTP/1.1" 403 657 "Mozilla/5.0 (Windows NT 10.0; Win64; x64)"
192.168.1.107 - - [18/Jul/2025:06:45:26 +0000] "PUT / HTTP/1.1" 200 2149 "Mozilla/5.0 (Linux; Android 11)"
192.168.1.101 - - [18/Jul/2025:05:14:59 +0000] "PUT / HTTP/1.1" 301 1401 "Mozilla/5.0 (Linux; Android 11)"
192.168.1.111 - - [17/Jul/2025:18:34:49 +0000] "PUT /index.html HTTP/1.1" 404 2964 "Mozilla/5.0 (Linux; Android 11)"
192.168.1.115 - - [18/Jul/2025:05:53:09 +0000] "GET /logout HTTP/1.1" 502 1553 "Mozilla/5.0 (Windows NT 10.0; Win64; x64)"
192.168.1.114 - - [17/Jul/2025:18:33:23 +0000] "DELETE /settings HTTP/1.1" 400 2160 "Mozilla/5.0 (Macintosh; Intel Mac OS X 10_15_7)"
192.168.1.111 - - [18/Jul/2025:04:39:48 +0000] "PUT /dashboard HTTP/1.1" 500 3328 "Mozilla/5.0 (Linux; Android 11)"
192.168.1.103 - - [18/Jul/2025:16:17:18 +0000] "POST /settings HTTP/1.1" 201 191 "PostmanRuntime/7.29.0"
192.168.1.108 - - [18/Jul/2025:14:59:59 +0000] "DELETE /api/data HTTP/1.1" 400 3298 "Mozilla/5.0 (Macintosh; Intel Mac OS X 10_15_7)"
192.168.1.115 - - [18/Jul/2025:06:06:18 +0000] "PUT /index.html HTTP/1.1" 302 330 "Mozilla/5.0 (Linux; Android 11)"
192.168.1.103 - - [18/Jul/2025:01:53:12 +0000] "PUT /index.html HTTP/1.1" 200 239 "PostmanRuntime/7.29.0"
192.168.1.115 - - [17/Jul/2025:18:03:50 +0000] "GET /login HTTP/1.1" 400 411 "Mozilla/5.0 (Linux; Android 11)"
192.168.1.103 - - [17/Jul/2025:17:45:20 +0000] "GET /dashboard HTTP/1.1" 401 3874 "Mozilla/5.0 (Linux; Android 11)"
192.168.1.113 - - [18/Jul/2025:09:27:59 +0000] "GET / HTTP/1.1" 503 3667 "Mozilla/5.0 (Macintosh; Intel Mac OS X 10_15_7)"
192.168.1.101 - - [18/Jul/2025:05:03:10 +0000] "POST /login HTTP/1.1" 302 1150 "Mozilla/5.0 (Windows NT 10.0; Win64; x64)"
192.168.1.101 - - [18/Jul/2025:12:49:09 +0000] "POST /index.html HTTP/1.1" 502 1075 "Mozilla/5.0 (Linux; Android 11)"
192.168.1.114 - - [17/Jul/2025:18:12:23 +0000] "PUT /login HTTP/1.1" 403 3602 "Mozilla/5.0 (Macintosh; Intel Mac OS X 10_15_7)"
192.168.1.106 - - [18/Jul/2025:11:25:59 +0000] "DELETE /index.html HTTP/1.1" 500 3881 "PostmanRuntime/7.29.0"
192.168.1.102 - - [17/Jul/2025:17:37:42 +0000] "POST / HTTP/1.1" 404 1585 "curl/7.68.0"
192.168.1.112 - - [18/Jul/2025:01:05:08 +0000] "DELETE / HTTP/1.1" 503 3636 "PostmanRuntime/7.29.0"
192.168.1.102 - - [18/Jul/2025:04:33:36 +0000] "PUT /dashboard HTTP/1.1" 400 1484 "curl/7.68.0"
192.168.1.111 - - [18/Jul/2025:07:31:59 +0000] "DELETE /api/data HTTP/1.1" 400 3753 "Mozilla/5.0 (Windows NT 10.0; Win64; x64)"
192.168.1.103 - - [18/Jul/2025:02:08:26 +0000] "DELETE /dashboard HTTP/1.1" 301 571 "Mozilla/5.0 (Windows NT 10.0; Win64; x64)"
192.168.1.111 - - [17/Jul/2025:18:10:40 +0000] "GET /api/data HTTP/1.1" 204 2177 "curl/7.68.0"
192.168.1.106 - - [18/Jul/2025:05:14:52 +0000] "PUT /dashboard HTTP/1.1" 201 2449 "Mozilla/5.0 (Macintosh; Intel Mac OS X 10_15_7)"
192.168.1.101 - - [18/Jul/2025:16:55:55 +0000] "DELETE /api/user HTTP/1.1" 502 1482 "Mozilla/5.0 (Linux; Android 11)"
192.168.1.110 - - [18/Jul/2025:07:01:56 +0000] "PUT /api/user HTTP/1.1" 500 2088 "curl/7.68.0"
192.168.1.107 - - [17/Jul/2025:19:00:58 +0000] "PUT /api/data HTTP/1.1" 204 4658 "curl/7.68.0"
192.168.1.102 - - [17/Jul/2025:21:05:12 +0000] "PUT / HTTP/1.1" 302 1251 "Mozilla/5.0 (Windows NT 10.0; Win64; x64)"
192.168.1.102 - - [18/Jul/2025:10:50:17 +0000] "POST /logout HTTP/1.1" 301 2175 "Mozilla/5.0 (Linux; Android 11)"
192.168.1.102 - - [18/Jul/2025:12:26:59 +0000] "DELETE /api/data HTTP/1.1" 503 3099 "Mozilla/5.0 (Macintosh; Intel Mac OS X 10_15_7)"
192.168.1.112 - - [17/Jul/2025:21:22:45 +0000] "GET /login HTTP/1.1" 502 4271 "Mozilla/5.0 (Macintosh; Intel Mac OS X 10_15_7)"
192.168.1.105 - - [17/Jul/2025:21:46:02 +0000] "GET /api/data HTTP/1.1" 200 2918 "PostmanRuntime/7.29.0"
192.168.1.109 - - [17/Jul/2025:17:33:03 +0000] "POST /settings HTTP/1.1" 204 3259 "Mozilla/5.0 (Windows NT 10.0; Win64; x64)"
192.168.1.115 - - [17/Jul/2025:19:21:56 +0000] "GET /login HTTP/1.1" 500 1393 "PostmanRuntime/7.29.0"
192.168.1.102 - - [18/Jul/2025:05:22:56 +0000] "PUT /login HTTP/1.1" 201 527 "Mozilla/5.0 (Windows NT 10.0; Win64; x64)"
192.168.1.114 - - [18/Jul/2025:13:49:19 +0000] "GET /index.html HTTP/1.1" 401 4584 "curl/7.68.0"
192.168.1.111 - - [17/Jul/2025:20:36:26 +0000] "DELETE /index.html HTTP/1.1" 200 748 "PostmanRuntime/7.29.0"
192.168.1.109 - - [18/Jul/2025:07:44:06 +0000] "PUT /api/user HTTP/1.1" 502 2824 "Mozilla/5.0 (Linux; Android 11)"
192.168.1.115 - - [18/Jul/2025:11:52:33 +0000] "PUT /api/data HTTP/1.1" 201 1227 "Mozilla/5.0 (Windows NT 10.0; Win64; x64)"
192.168.1.115 - - [18/Jul/2025:10:49:10 +0000] "GET /api/data HTTP/1.1" 400 1499 "Mozilla/5.0 (Linux; Android 11)"
192.168.1.108 - - [17/Jul/2025:18:46:07 +0000] "GET /logout HTTP/1.1" 502 4053 "Mozilla/5.0 (Linux; Android 11)"
192.168.1.102 - - [18/Jul/2025:01:04:41 +0000] "GET /api/data HTTP/1.1" 502 4321 "curl/7.68.0"
192.168.1.101 - - [18/Jul/2025:13:29:08 +0000] "POST /logout HTTP/1.1" 301 2622 "Mozilla/5.0 (Macintosh; Intel Mac OS X 10_15_7)"
192.168.1.102 - - [18/Jul/2025:14:52:21 +0000] "POST /api/user HTTP/1.1" 500 2087 "Mozilla/5.0 (Macintosh; Intel Mac OS X 10_15_7)"
192.168.1.107 - - [17/Jul/2025:18:09:00 +0000] "GET /dashboard HTTP/1.1" 401 3642 "PostmanRuntime/7.29.0"
192.168.1.106 - - [17/Jul/2025:20:24:14 +0000] "GET /dashboard HTTP/1.1" 200 4542 "Mozilla/5.0 (Linux; Android 11)"
192.168.1.112 - - [18/Jul/2025:04:35:15 +0000] "PUT /api/data HTTP/1.1" 500 4856 "Mozilla/5.0 (Linux; Android 11)"
192.168.1.114 - - [18/Jul/2025:04:58:29 +0000] "POST /login HTTP/1.1" 201 1877 "Mozilla/5.0 (Macintosh; Intel Mac OS X 10_15_7)"
192.168.1.108 - - [18/Jul/2025:00:11:23 +0000] "POST /dashboard HTTP/1.1" 201 4954 "Mozilla/5.0 (Macintosh; Intel Mac OS X 10_15_7)"
192.168.1.111 - - [18/Jul/2025:01:31:11 +0000] "PUT / HTTP/1.1" 403 896 "Mozilla/5.0 (Linux; Android 11)"
192.168.1.101 - - [18/Jul/2025:09:28:51 +0000] "GET /api/user HTTP/1.1" 500 1390 "Mozilla/5.0 (Linux; Android 11)"
192.168.1.111 - - [17/Jul/2025:17:27:07 +0000] "DELETE /login HTTP/1.1" 401 1368 "Mozilla/5.0 (Windows NT 10.0; Win64; x64)"
192.168.1.102 - - [17/Jul/2025:17:22:41 +0000] "GET / HTTP/1.1" 301 2407 "PostmanRuntime/7.29.0"
192.168.1.107 - - [18/Jul/2025:04:16:29 +0000] "POST /login HTTP/1.1" 401 444 "PostmanRuntime/7.29.0"
192.168.1.103 - - [17/Jul/2025:19:16:31 +0000] "DELETE /dashboard HTTP/1.1" 404 4423 "PostmanRuntime/7.29.0"
192.168.1.112 - - [17/Jul/2025:22:52:56 +0000] "PUT /login HTTP/1.1" 200 368 "curl/7.68.0"
192.168.1.101 - - [17/Jul/2025:22:58:48 +0000] "DELETE /index.html HTTP/1.1" 301 4261 "Mozilla/5.0 (Linux; Android 11)"
192.168.1.112 - - [18/Jul/2025:10:31:09 +0000] "POST /api/data HTTP/1.1" 500 1983 "Mozilla/5.0 (Macintosh; Intel Mac OS X 10_15_7)"
192.168.1.103 - - [18/Jul/2025:13:46:55 +0000] "POST /api/user HTTP/1.1" 503 4595 "Mozilla/5.0 (Macintosh; Intel Mac OS X 10_15_7)"
192.168.1.105 - - [18/Jul/2025:09:19:20 +0000] "GET / HTTP/1.1" 503 3899 "PostmanRuntime/7.29.0"
192.168.1.107 - - [18/Jul/2025:06:48:25 +0000] "POST /login HTTP/1.1" 201 3123 "curl/7.68.0"
192.168.1.101 - - [17/Jul/2025:17:19:27 +0000] "POST /settings HTTP/1.1" 403 636 "Mozilla/5.0 (Linux; Android 11)"
192.168.1.102 - - [18/Jul/2025:03:18:29 +0000] "POST /api/user HTTP/1.1" 200 3784 "PostmanRuntime/7.29.0"
192.168.1.110 - - [17/Jul/2025:21:40:03 +0000] "GET /dashboard HTTP/1.1" 201 1228 "Mozilla/5.0 (Linux; Android 11)"
192.168.1.103 - - [18/Jul/2025:11:23:21 +0000] "DELETE /logout HTTP/1.1" 204 2194 "Mozilla/5.0 (Macintosh; Intel Mac OS X 10_15_7)"
192.168.1.109 - - [18/Jul/2025:05:52:04 +0000] "GET / HTTP/1.1" 403 3395 "PostmanRuntime/7.29.0"
192.168.1.101 - - [17/Jul/2025:20:40:37 +0000] "DELETE /settings HTTP/1.1" 301 1001 "curl/7.68.0"
192.168.1.103 - - [18/Jul/2025:01:14:59 +0000] "GET /settings HTTP/1.1" 200 3521 "Mozilla/5.0 (Windows NT 10.0; Win64; x64)"
192.168.1.113 - - [17/Jul/2025:22:41:52 +0000] "GET /settings HTTP/1.1" 302 138 "curl/7.68.0"
192.168.1.104 - - [18/Jul/2025:03:16:37 +0000] "GET /login HTTP/1.1" 503 4024 "PostmanRuntime/7.29.0"
192.168.1.104 - - [18/Jul/2025:11:42:34 +0000] "PUT /index.html HTTP/1.1" 502 2444 "Mozilla/5.0 (Linux; Android 11)"
192.168.1.115 - - [18/Jul/2025:13:28:45 +0000] "GET /dashboard HTTP/1.1" 204 4254 "Mozilla/5.0 (Linux; Android 11)"
192.168.1.115 - - [17/Jul/2025:17:24:40 +0000] "DELETE /settings HTTP/1.1" 400 4212 "Mozilla/5.0 (Macintosh; Intel Mac OS X 10_15_7)"